TRK,1483,1.00000,0.00000,0.00000,0.00000,0.0000,0.0000,0.0000,0.000,0.000,0.000,0,0
STAT,0.0,0.0,0,0,0,0.0000,0.000,0.0000,0.0000,0.0000,9.8067,0.00,0.000
TRK,1483,1.00000,0.00000,0.00000,0.00000,0.0000,0.0000,0.0000,0.000,0.000,0.000,0,0
TRK,1483,1.00000,0.00000,0.00000,0.00000,0.0000,0.0000,0.0000,0.000,0.000,0.000,0,0
TRK,1483,1.00000,0.00000,0.00000,0.00000,0.0000,0.0000,0.0000,0.000,0.000,0.000,0,0
TRK,1483,1.00000,0.00000,0.00000,0.00000,0.0000,0.0000,0.0000,0.000,0.000,0.000,0,0
TRK,1483,1.00000,0.00000,0.00000,0.00000,0.0000,0.0000,0.0000,0.000,0.000,0.000,0,0
TRK,1483,1.00000,0.00000,0.00000,0.00000,0.0000,0.0000,0.0000,0.000,0.000,0.000,0,0
TRK,1483,1.00000,0.00000,0.00000,0.00000,0.0000,0.0000,0.0000,0.000,0.000,0.000,0,0
TRK,1483,1.00000,0.00000,0.00000,0.00000,0.0000,0.0000,0.0000,0.000,0.000,0.000,0,0
TRK,1483,1.00000,0.00000,0.00000,0.00000,0.0000,0.0000,0.0000,0.000,0.000,0.000,0,0
TRK,1483,1.00000,0.00000,0.00000,0.00000,0.0000,0.0000,0.0000,0.000,0.000,0.000,0,0
TRK,1483,1.00000,0.00000,0.00000,0.00000,0.0000,0.0000,0.0000,0.000,0.000,0.000,0,0
TRK,1483,1.00000,0.00000,0.00000,0.00000,0.0000,0.0000,0.0000,0.000,0.000,0.000,0,0
TRK,1483,1.00000,0.00000,0.00000,0.00000,0.0000,0.0000,0.0000,0.000,0.000,0.000,0,0
TRK,1483,1.00000,0.00000,0.00000,0.00000,0.0000,0.0000,0.0000,0.000,0.000,0.000,0,0
TRK,1483,1.00000,0.00000,0.00000,0.00000,0.0000,0.0000,0.0000,0.000,0.000,0.000,0,0
TRK,1483,1.00000,0.00000,0.00000,0.00000,0.0000,0.0000,0.0000,0.000,0.000,0.000,0,0
TRK,1483,1.00000,0.00000,0.00000,0.00000,0.0000,0.0000,0.0000,0.000,0.000,0.000,0,0
TRK,1483,1.00000,0.00000,0.00000,0.00000,0.0000,0.0000,0.0000,0.000,0.000,0.000,0,0
TRK,1483,1.00000,0.00000,0.00000,0.00000,0.0000,0.0000,0.0000,0.000,0.000,0.000,0,0
TRK,1483,1.00000,0.00000,0.00000,0.00000,0.0000,0.0000,0.0000,0.000,0.000,0.000,0,0
TRK,1483,1.00000,0.00000,0.00000,0.00000,0.0000,0.0000,0.0000,0.000,0.000,0.000,0,0
TRK,1483,1.00000,0.00000,0.00000,0.00000,0.0000,0.0000,0.0000,0.000,0.000,0.000,0,0
TRK,1483,1.00000,0.00000,0.00000,0.00000,0.0000,0.0000,0.0000,0.000,0.000,0.000,0,0
TRK,1483,1.00000,0.00000,0.00000,0.00000,0.0000,0.0000,0.0000,0.000,0.000,0.000,0,0
TRK,1483,1.00000,0.00000,0.00000,0.00000,0.0000,0.0000,0.0000,0.000,0.000,0.000,0,0
TRK,1483,1.00000,0.00000,0.00000,0.00000,0.0000,0.0000,0.0000,0.000,0.000,0.000,0,0
TRK,1483,1.00000,0.00000,0.00000,0.00000,0.0000,0.0000,0.0000,0.000,0.000,0.000,0,0
TRK,1483,1.00000,0.00000,0.00000,0.00000,0.0000,0.0000,0.0000,0.000,0.000,0.000,0,0
TRK,1483,1.00000,0.00000,0.00000,0.00000,0.0000,0.0000,0.0000,0.000,0.000,0.000,0,0
TRK,1483,1.00000,0.00000,0.00000,0.00000,0.0000,0.0000,0.0000,0.000,0.000,0.000,0,0
TRK,1483,1.00000,0.00000,0.00000,0.00000,0.0000,0.0000,0.0000,0.000,0.000,0.000,0,0
TRK,1483,1.00000,0.00000,0.00000,0.00000,0.0000,0.0000,0.0000,0.000,0.000,0.000,0,0
TRK,1483,1.00000,0.00000,0.00000,0.00000,0.0000,0.0000,0.0000,0.000,0.000,0.000,0,0
TRK,1483,1.00000,0.00000,0.00000,0.00000,0.0000,0.0000,0.0000,0.000,0.000,0.000,0,0
TRK,1483,1.00000,0.00000,0.00000,0.00000,0.0000,0.0000,0.0000,0.000,0.000,0.000,0,0
[  3502][E][Wire.cpp:499] requestFrom(): i2cWriteReadNonStop returned Error 263
[  3511][E][Wire.cpp:499] requestFrom(): i2cWriteReadNonStop returned Error -1
TRK,1483,1.00000,0.00000,0.00000,0.00000,0.0000,0.0000,0.0000,0.000,0.000,0.000,0,0
TRK,2501,1.00000,0.00000,0.00000,0.00000,0.0000,0.0000,0.0000,0.000,0.000,0.000,0,0
TRK,2501,1.00000,0.00000,0.00000,0.00000,0.0000,0.0000,0.0000,0.000,0.000,0.000,0,0
TRK,2501,1.00000,0.00000,0.00000,0.00000,0.0000,0.0000,0.0000,0.000,0.000,0.000,0,0
TRK,2501,1.00000,0.00000,0.00000,0.00000,0.0000,0.0000,0.0000,0.000,0.000,0.000,0,0
TRK,2501,1.00000,0.00000,0.00000,0.00000,0.0000,0.0000,0.0000,0.000,0.000,0.000,0,0
TRK,2501,1.00000,0.00000,0.00000,0.00000,0.0000,0.0000,0.0000,0.000,0.000,0.000,0,0
TRK,2501,1.00000,0.00000,0.00000,0.00000,0.0000,0.0000,0.0000,0.000,0.000,0.000,0,0
TRK,2501,1.00000,0.00000,0.00000,0.00000,0.0000,0.0000,0.0000,0.000,0.000,0.000,0,0
TRK,2501,1.00000,0.00000,0.00000,0.00000,0.0000,0.0000,0.0000,0.000,0.000,0.000,0,0
TRK,2501,1.00000,0.00000,0.00000,0.00000,0.0000,0.0000,0.0000,0.000,0.000,0.000,0,0
TRK,2501,1.00000,0.00000,0.00000,0.00000,0.0000,0.0000,0.0000,0.000,0.000,0.000,0,0
TRK,2501,1.00000,0.00000,0.00000,0.00000,0.0000,0.0000,0.0000,0.000,0.000,0.000,0,0
TRK,2501,1.00000,0.00000,0.00000,0.00000,0.0000,0.0000,0.0000,0.000,0.000,0.000,0,0
TRK,2501,1.00000,0.00000,0.00000,0.00000,0.0000,0.0000,0.0000,0.000,0.000,0.000,0,0
STAT,0.0,0.0,0,0,0,0.0000,0.000,0.0000,0.0000,0.0000,9.8067,0.00,0.000
TRK,2501,1.00000,0.00000,0.00000,0.00000,0.0000,0.0000,0.0000,0.000,0.000,0.000,0,0
TRK,2501,1.00000,0.00000,0.00000,0.00000,0.0000,0.0000,0.0000,0.000,0.000,0.000,0,0
TRK,2501,1.00000,0.00000,0.00000,0.00000,0.0000,0.0000,0.0000,0.000,0.000,0.000,0,0
TRK,2501,1.00000,0.00000,0.00000,0.00000,0.0000,0.0000,0.0000,0.000,0.000,0.000,0,0
TRK,2501,1.00000,0.00000,0.00000,0.00000,0.0000,0.0000,0.0000,0.000,0.000,0.000,0,0
TRK,2501,1.00000,0.00000,0.00000,0.00000,0.0000,0.0000,0.0000,0.000,0.000,0.000,0,0
TRK,2501,1.00000,0.00000,0.00000,0.00000,0.0000,0.0000,0.0000,0.000,0.000,0.000,0,0
TRK,2501,1.00000,0.00000,0.00000,0.00000,0.0000,0.0000,0.0000,0.000,0.000,0.000,0,0
TRK,2501,1.00000,0.00000,0.00000,0.00000,0.0000,0.0000,0.0000,0.000,0.000,0.000,0,0
TRK,2501,1.00000,0.00000,0.00000,0.00000,0.0000,0.0000,0.0000,0.000,0.000,0.000,0,0
TRK,2501,1.00000,0.00000,0.00000,0.00000,0.0000,0.0000,0.0000,0.000,0.000,0.000,0,0
TRK,2501,1.00000,0.00000,0.00000,0.00000,0.0000,0.0000,0.0000,0.000,0.000,0.000,0,0
TRK,2501,1.00000,0.00000,0.00000,0.00000,0.0000,0.0000,0.0000,0.000,0.000,0.000,0,0
TRK,2501,1.00000,0.00000,0.00000,0.00000,0.0000,0.0000,0.0000,0.000,0.000,0.000,0,0
TRK,2501,1.00000,0.00000,0.00000,0.00000,0.0000,0.0000,0.0000,0.000,0.000,0.000,0,0
TRK,2501,1.00000,0.00000,0.00000,0.00000,0.0000,0.0000,0.0000,0.000,0.000,0.000,0,0
TRK,2501,1.00000,0.00000,0.00000,0.00000,0.0000,0.0000,0.0000,0.000,0.000,0.000,0,0
TRK,2501,1.00000,0.00000,0.00000,0.00000,0.0000,0.0000,0.0000,0.000,0.000,0.000,0,0
TRK,2501,1.00000,0.00000,0.00000,0.00000,0.0000,0.0000,0.0000,0.000,0.000,0.000,0,0
TRK,2501,1.00000,0.00000,0.00000,0.00000,0.0000,0.0000,0.0000,0.000,0.000,0.000,0,0
TRK,2501,1.00000,0.00000,0.00000,0.00000,0.0000,0.0000,0.0000,0.000,0.000,0.000,0,0
TRK,2501,1.00000,0.00000,0.00000,0.00000,0.0000,0.0000,0.0000,0.000,0.000,0.000,0,0
TRK,2501,1.00000,0.00000,0.00000,0.00000,0.0000,0.0000,0.0000,0.000,0.000,0.000,0,0
TRK,2501,1.00000,0.00000,0.00000,0.00000,0.0000,0.0000,0.0000,0.000,0.000,0.000,0,0
TRK,2501,1.00000,0.00000,0.00000,0.00000,0.0000,0.0000,0.0000,0.000,0.000,0.000,0,0
TRK,2501,1.00000,0.00000,0.00000,0.00000,0.0000,0.0000,0.0000,0.000,0.000,0.000,0,0
TRK,2501,1.00000,0.00000,0.00000,0.00000,0.0000,0.0000,0.0000,0.000,0.000,0.000,0,0
TRK,2501,1.00000,0.00000,0.00000,0.00000,0.0000,0.0000,0.0000,0.000,0.000,0.000,0,0
TRK,2501,1.00000,0.00000,0.00000,0.00000,0.0000,0.0000,0.0000,0.000,0.000,0.000,0,0
TRK,2501,1.00000,0.00000,0.00000,0.00000,0.0000,0.0000,0.0000,0.000,0.000,0.000,0,0
TRK,2501,1.00000,0.00000,0.00000,0.00000,0.0000,0.0000,0.0000,0.000,0.000,0.000,0,0
TRK,2501,1.00000,0.00000,0.00000,0.00000,0.0000,0.0000,0.0000,0.000,0.000,0.000,0,0
TRK,2501,1.00000,0.00000,0.00000,0.00000,0.0000,0.0000,0.0000,0.000,0.000,0.000,0,0
TRK,2501,1.00000,0.00000,0.00000,0.00000,0.0000,0.0000,0.0000,0.000,0.000,0.000,0,0
TRK,2501,1.00000,0.00000,0.00000,0.00000,0.0000,0.0000,0.0000,0.000,0.000,0.000,0,0
TRK,2501,1.00000,0.00000,0.00000,0.00000,0.0000,0.0000,0.0000,0.000,0.000,0.000,0,0
[  4522][E][Wire.cpp:499] requestFrom(): i2cWriteReadNonStop returned Error 263
[  4530][E][Wire.cpp:499] requestFrom(): i2cWriteReadNonStop returned Error -1
TRK,2501,1.00000,0.00000,0.00000,0.00000,0.0000,0.0000,0.0000,0.000,0.000,0.000,0,0
TRK,3521,1.00000,0.00000,0.00000,0.00000,0.0000,0.0000,0.0000,0.000,0.000,0.000,0,0
TRK,3521,1.00000,0.00000,0.00000,0.00000,0.0000,0.0000,0.0000,0.000,0.000,0.000,0,0
TRK,3521,1.00000,0.00000,0.00000,0.00000,0.0000,0.0000,0.0000,0.000,0.000,0.000,0,0
TRK,3521,1.00000,0.00000,0.00000,0.00000,0.0000,0.0000,0.0000,0.000,0.000,0.000,0,0
TRK,3521,1.00000,0.00000,0.00000,0.00000,0.0000,0.0000,0.0000,0.000,0.000,0.000,0,0
TRK,3521,1.00000,0.00000,0.00000,0.00000,0.0000,0.0000,0.0000,0.000,0.000,0.000,0,0
TRK,3521,1.00000,0.00000,0.00000,0.00000,0.0000,0.0000,0.0000,0.000,0.000,0.000,0,0
TRK,3521,1.00000,0.00000,0.00000,0.00000,0.0000,0.0000,0.0000,0.000,0.000,0.000,0,0
TRK,3521,1.00000,0.00000,0.00000,0.00000,0.0000,0.0000,0.0000,0.000,0.000,0.000,0,0
TRK,3521,1.00000,0.00000,0.00000,0.00000,0.0000,0.0000,0.0000,0.000,0.000,0.000,0,0
TRK,3521,1.00000,0.00000,0.00000,0.00000,0.0000,0.0000,0.0000,0.000,0.000,0.000,0,0
TRK,3521,1.00000,0.00000,0.00000,0.00000,0.0000,0.0000,0.0000,0.000,0.000,0.000,0,0
TRK,3521,1.00000,0.00000,0.00000,0.00000,0.0000,0.0000,0.0000,0.000,0.000,0.000,0,0
STAT,0.0,0.0,0,0,0,0.0000,0.000,0.0000,0.0000,0.0000,9.8067,0.00,0.000
TRK,3521,1.00000,0.00000,0.00000,0.00000,0.0000,0.0000,0.0000,0.000,0.000,0.000,0,0
TRK,3521,1.00000,0.00000,0.00000,0.00000,0.0000,0.0000,0.0000,0.000,0.000,0.000,0,0
TRK,3521,1.00000,0.00000,0.00000,0.00000,0.0000,0.0000,0.0000,0.000,0.000,0.000,0,0
TRK,3521,1.00000,0.00000,0.00000,0.00000,0.0000,0.0000,0.0000,0.000,0.000,0.000,0,0
TRK,3521,1.00000,0.00000,0.00000,0.00000,0.0000,0.0000,0.0000,0.000,0.000,0.000,0,0
TRK,3521,1.00000,0.00000,0.00000,0.00000,0.0000,0.0000,0.0000,0.000,0.000,0.000,0,0
TRK,3521,1.00000,0.00000,0.00000,0.00000,0.0000,0.0000,0.0000,0.000,0.000,0.000,0,0
TRK,3521,1.00000,0.00000,0.00000,0.00000,0.0000,0.0000,0.0000,0.000,0.000,0.000,0,0
TRK,3521,1.00000,0.00000,0.00000,0.00000,0.0000,0.0000,0.0000,0.000,0.000,0.000,0,0
TRK,3521,1.00000,0.00000,0.00000,0.00000,0.0000,0.0000,0.0000,0.000,0.000,0.000,0,0
TRK,3521,1.00000,0.00000,0.00000,0.00000,0.0000,0.0000,0.0000,0.000,0.000,0.000,0,0
TRK,3521,1.00000,0.00000,0.00000,0.00000,0.0000,0.0000,0.0000,0.000,0.000,0.000,0,0
TRK,3521,1.00000,0.00000,0.00000,0.00000,0.0000,0.0000,0.0000,0.000,0.000,0.000,0,0
TRK,3521,1.00000,0.00000,0.00000,0.00000,0.0000,0.0000,0.0000,0.000,0.000,0.000,0,0
TRK,3521,1.00000,0.00000,0.00000,0.00000,0.0000,0.0000,0.0000,0.000,0.000,0.000,0,0
TRK,3521,1.00000,0.00000,0.00000,0.00000,0.0000,0.0000,0.0000,0.000,0.000,0.000,0,0
TRK,3521,1.00000,0.00000,0.00000,0.00000,0.0000,0.0000,0.0000,0.000,0.000,0.000,0,0
TRK,3521,1.00000,0.00000,0.00000,0.00000,0.0000,0.0000,0.0000,0.000,0.000,0.000,0,0
TRK,3521,1.00000,0.00000,0.00000,0.00000,0.0000,0.0000,0.0000,0.000,0.000,0.000,0,0
TRK,3521,1.00000,0.00000,0.00000,0.00000,0.0000,0.0000,0.0000,0.000,0.000,0.000,0,0
TRK,3521,1.00000,0.00000,0.00000,0.00000,0.0000,0.0000,0.0000,0.000,0.000,0.000,0,0
TRK,3521,1.00000,0.00000,0.00000,0.00000,0.0000,0.0000,0.0000,0.000,0.000,0.000,0,0
TRK,3521,1.00000,0.00000,0.00000,0.00000,0.0000,0.0000,0.0000,0.000,0.000,0.000,0,0
TRK,3521,1.00000,0.00000,0.00000,0.00000,0.0000,0.0000,0.0000,0.000,0.000,0.000,0,0
TRK,3521,1.00000,0.00000,0.00000,0.00000,0.0000,0.0000,0.0000,0.000,0.000,0.000,0,0
TRK,3521,1.00000,0.00000,0.00000,0.00000,0.0000,0.0000,0.0000,0.000,0.000,0.000,0,0
TRK,3521,1.00000,0.00000,0.00000,0.00000,0.0000,0.0000,0.0000,0.000,0.000,0.000,0,0
TRK,3521,1.00000,0.00000,0.00000,0.00000,0.0000,0.0000,0.0000,0.000,0.000,0.000,0,0
TRK,3521,1.00000,0.00000,0.00000,0.00000,0.0000,0.0000,0.0000,0.000,0.000,0.000,0,0
TRK,3521,1.00000,0.00000,0.00000,0.00000,0.0000,0.0000,0.0000,0.000,0.000,0.000,0,0
TRK,3521,1.00000,0.00000,0.00000,0.00000,0.0000,0.0000,0.0000,0.000,0.000,0.000,0,0
TRK,3521,1.00000,0.00000,0.00000,0.00000,0.0000,0.0000,0.0000,0.000,0.000,0.000,0,0
TRK,3521,1.00000,0.00000,0.00000,0.00000,0.0000,0.0000,0.0000,0.000,0.000,0.000,0,0
TRK,3521,1.00000,0.00000,0.00000,0.00000,0.0000,0.0000,0.0000,0.000,0.000,0.000,0,0
TRK,3521,1.00000,0.00000,0.00000,0.00000,0.0000,0.0000,0.0000,0.000,0.000,0.000,0,0
TRK,3521,1.00000,0.00000,0.00000,0.00000,0.0000,0.0000,0.0000,0.000,0.000,0.000,0,0
TRK,3521,1.00000,0.00000,0.00000,0.00000,0.0000,0.0000,0.0000,0.000,0.000,0.000,0,0
[  5541][E][Wire.cpp:499] requestFrom(): i2cWriteReadNonStop returned Error 263
TRK,4540,1.00000,0.00000,0.00000,0.00000,0.0000,0.0000,0.0000,0.000,0.000,0.000,0,0
TRK,5554,1.00000,-0.00013,-0.00013,-0.00000,0.0000,0.0000,0.0000,0.000,0.000,0.000,0,0
TRK,5574,1.00000,-0.00026,-0.00026,-0.00000,0.0000,0.0000,0.0000,0.000,0.000,0.000,0,0
[  5609][E][Wire.cpp:499] requestFrom(): i2cWriteReadNonStop returned Error -1
TRK,5574,1.00000,-0.00026,-0.00026,-0.00000,0.0000,0.0000,0.0000,0.000,0.000,0.000,0,0
TRK,5593,1.00000,-0.00040,-0.00040,-0.00000,0.0000,0.0000,0.0000,0.000,0.000,0.000,0,0
TRK,5593,1.00000,-0.00040,-0.00040,-0.00000,0.0000,0.0000,0.0000,0.000,0.000,0.000,0,0
TRK,5593,1.00000,-0.00040,-0.00040,-0.00000,0.0000,0.0000,0.0000,0.000,0.000,0.000,0,0
TRK,5593,1.00000,-0.00040,-0.00040,-0.00000,0.0000,0.0000,0.0000,0.000,0.000,0.000,0,0
TRK,5593,1.00000,-0.00040,-0.00040,-0.00000,0.0000,0.0000,0.0000,0.000,0.000,0.000,0,0
TRK,5593,1.00000,-0.00040,-0.00040,-0.00000,0.0000,0.0000,0.0000,0.000,0.000,0.000,0,0
TRK,5593,1.00000,-0.00040,-0.00040,-0.00000,0.0000,0.0000,0.0000,0.000,0.000,0.000,0,0
TRK,5593,1.00000,-0.00040,-0.00040,-0.00000,0.0000,0.0000,0.0000,0.000,0.000,0.000,0,0
TRK,5593,1.00000,-0.00040,-0.00040,-0.00000,0.0000,0.0000,0.0000,0.000,0.000,0.000,0,0
STAT,0.0,0.0,0,3,0,0.0000,0.000,0.0000,0.0000,0.0000,9.8067,0.00,0.000
TRK,5593,1.00000,-0.00040,-0.00040,-0.00000,0.0000,0.0000,0.0000,0.000,0.000,0.000,0,0
TRK,5593,1.00000,-0.00040,-0.00040,-0.00000,0.0000,0.0000,0.0000,0.000,0.000,0.000,0,0
TRK,5593,1.00000,-0.00040,-0.00040,-0.00000,0.0000,0.0000,0.0000,0.000,0.000,0.000,0,0
TRK,5593,1.00000,-0.00040,-0.00040,-0.00000,0.0000,0.0000,0.0000,0.000,0.000,0.000,0,0
TRK,5593,1.00000,-0.00040,-0.00040,-0.00000,0.0000,0.0000,0.0000,0.000,0.000,0.000,0,0
TRK,5593,1.00000,-0.00040,-0.00040,-0.00000,0.0000,0.0000,0.0000,0.000,0.000,0.000,0,0
TRK,5593,1.00000,-0.00040,-0.00040,-0.00000,0.0000,0.0000,0.0000,0.000,0.000,0.000,0,0
TRK,5593,1.00000,-0.00040,-0.00040,-0.00000,0.0000,0.0000,0.0000,0.000,0.000,0.000,0,0
TRK,5593,1.00000,-0.00040,-0.00040,-0.00000,0.0000,0.0000,0.0000,0.000,0.000,0.000,0,0
TRK,5593,1.00000,-0.00040,-0.00040,-0.00000,0.0000,0.0000,0.0000,0.000,0.000,0.000,0,0
TRK,5593,1.00000,-0.00040,-0.00040,-0.00000,0.0000,0.0000,0.0000,0.000,0.000,0.000,0,0
TRK,5593,1.00000,-0.00040,-0.00040,-0.00000,0.0000,0.0000,0.0000,0.000,0.000,0.000,0,0
TRK,5593,1.00000,-0.00040,-0.00040,-0.00000,0.0000,0.0000,0.0000,0.000,0.000,0.000,0,0
TRK,5593,1.00000,-0.00040,-0.00040,-0.00000,0.0000,0.0000,0.0000,0.000,0.000,0.000,0,0
TRK,5593,1.00000,-0.00040,-0.00040,-0.00000,0.0000,0.0000,0.0000,0.000,0.000,0.000,0,0
TRK,5593,1.00000,-0.00040,-0.00040,-0.00000,0.0000,0.0000,0.0000,0.000,0.000,0.000,0,0
TRK,5593,1.00000,-0.00040,-0.00040,-0.00000,0.0000,0.0000,0.0000,0.000,0.000,0.000,0,0
TRK,5593,1.00000,-0.00040,-0.00040,-0.00000,0.0000,0.0000,0.0000,0.000,0.000,0.000,0,0
TRK,5593,1.00000,-0.00040,-0.00040,-0.00000,0.0000,0.0000,0.0000,0.000,0.000,0.000,0,0
TRK,5593,1.00000,-0.00040,-0.00040,-0.00000,0.0000,0.0000,0.0000,0.000,0.000,0.000,0,0
TRK,5593,1.00000,-0.00040,-0.00040,-0.00000,0.0000,0.0000,0.0000,0.000,0.000,0.000,0,0
TRK,5593,1.00000,-0.00040,-0.00040,-0.00000,0.0000,0.0000,0.0000,0.000,0.000,0.000,0,0
TRK,5593,1.00000,-0.00040,-0.00040,-0.00000,0.0000,0.0000,0.0000,0.000,0.000,0.000,0,0
TRK,5593,1.00000,-0.00040,-0.00040,-0.00000,0.0000,0.0000,0.0000,0.000,0.000,0.000,0,0
TRK,5593,1.00000,-0.00040,-0.00040,-0.00000,0.0000,0.0000,0.0000,0.000,0.000,0.000,0,0
TRK,5593,1.00000,-0.00040,-0.00040,-0.00000,0.0000,0.0000,0.0000,0.000,0.000,0.000,0,0
TRK,5593,1.00000,-0.00040,-0.00040,-0.00000,0.0000,0.0000,0.0000,0.000,0.000,0.000,0,0
TRK,5593,1.00000,-0.00040,-0.00040,-0.00000,0.0000,0.0000,0.0000,0.000,0.000,0.000,0,0
TRK,5593,1.00000,-0.00040,-0.00040,-0.00000,0.0000,0.0000,0.0000,0.000,0.000,0.000,0,0
TRK,5593,1.00000,-0.00040,-0.00040,-0.00000,0.0000,0.0000,0.0000,0.000,0.000,0.000,0,0
TRK,5593,1.00000,-0.00040,-0.00040,-0.00000,0.0000,0.0000,0.0000,0.000,0.000,0.000,0,0
TRK,5593,1.00000,-0.00040,-0.00040,-0.00000,0.0000,0.0000,0.0000,0.000,0.000,0.000,0,0
TRK,5593,1.00000,-0.00040,-0.00040,-0.00000,0.0000,0.0000,0.0000,0.000,0.000,0.000,0,0
TRK,5593,1.00000,-0.00040,-0.00040,-0.00000,0.0000,0.0000,0.0000,0.000,0.000,0.000,0,0
TRK,5593,1.00000,-0.00040,-0.00040,-0.00000,0.0000,0.0000,0.0000,0.000,0.000,0.000,0,0
TRK,5593,1.00000,-0.00040,-0.00040,-0.00000,0.0000,0.0000,0.0000,0.000,0.000,0.000,0,0
TRK,5593,1.00000,-0.00040,-0.00040,-0.00000,0.0000,0.0000,0.0000,0.000,0.000,0.000,0,0
TRK,5593,1.00000,-0.00040,-0.00040,-0.00000,0.0000,0.0000,0.0000,0.000,0.000,0.000,0,0
TRK,5593,1.00000,-0.00040,-0.00040,-0.00000,0.0000,0.0000,0.0000,0.000,0.000,0.000,0,0
TRK,5593,1.00000,-0.00040,-0.00040,-0.00000,0.0000,0.0000,0.0000,0.000,0.000,0.000,0,0
TRK,5593,1.00000,-0.00040,-0.00040,-0.00000,0.0000,0.0000,0.0000,0.000,0.000,0.000,0,0
[  6637][E][Wire.cpp:499] requestFrom(): i2cWriteReadNonStop returned Error 263
TRK,5593,1.00000,-0.00040,-0.00040,-0.00000,0.0000,0.0000,0.0000,0.000,0.000,0.000,0,0
TRK,6652,0.73469,-0.05574,-0.67314,-0.06329,0.0000,0.0000,0.0000,0.000,0.000,0.000,0,0
TRK,6672,0.71350,-0.08618,-0.69446,-0.03486,0.0000,0.0000,0.0000,0.000,0.000,0.000,0,0
TRK,6692,0.70765,-0.11366,-0.69732,-0.00761,0.0000,0.0000,0.0000,0.000,0.000,0.000,0,0
TRK,6712,0.71417,-0.13795,-0.68601,0.01801,0.0000,0.0000,0.0000,0.000,0.000,0.000,0,0
TRK,6732,0.71669,-0.14511,-0.68164,0.02580,0.0000,0.0000,0.0000,0.000,0.000,0.000,0,0
TRK,6752,0.69935,-0.18849,-0.68632,0.06593,0.0000,0.0000,0.0000,0.000,0.000,0.000,0,0
TRK,6772,0.70465,-0.23980,-0.65594,0.12530,0.0000,0.0000,0.0000,0.000,0.000,0.000,0,0
TRK,6792,0.70474,-0.28018,-0.62868,0.17207,0.0000,0.0000,0.0000,0.000,0.000,0.000,0,0
STAT,0.0,0.0,0,5,0,0.0000,0.000,0.0000,0.0000,0.0000,9.8067,0.00,0.000
TRK,6812,0.72919,-0.30196,-0.57350,0.21953,0.0000,0.0000,0.0000,0.000,0.000,0.000,0,0
TRK,6832,0.82888,-0.24346,-0.42326,0.27301,0.0000,0.0000,0.0000,0.000,0.000,0.000,0,0
TRK,6853,0.93669,0.05539,-0.27086,0.21491,0.0000,0.0000,0.0000,0.000,0.000,0.000,0,0
TRK,6870,0.87414,0.43113,-0.20101,0.09797,0.0000,0.0000,0.0000,0.000,0.000,0.000,0,0
TRK,6891,0.58367,0.78591,-0.20411,0.00171,0.0000,0.0000,0.0000,0.000,0.000,0.000,0,0
TRK,6912,0.50786,0.82123,-0.25215,0.06387,0.0000,0.0000,0.0000,0.000,0.000,0.000,0,0
TRK,6932,0.49869,0.81367,-0.27829,0.10870,0.0000,0.0000,0.0000,0.000,0.000,0.000,0,0
TRK,6952,0.49633,0.81293,-0.28214,0.11487,0.0000,0.0000,0.0000,0.000,0.000,0.000,0,0
TRK,6972,0.49611,0.81324,-0.28190,0.11425,0.0000,0.0000,0.0000,0.000,0.000,0.000,0,0
TRK,6992,0.50053,0.81592,-0.27230,0.09801,0.0000,0.0000,0.0000,0.000,0.000,0.000,0,0
TRK,7012,0.50041,0.81594,-0.27240,0.09814,0.0000,0.0000,0.0000,0.000,0.000,0.000,0,0
TRK,7032,0.50038,0.81588,-0.27253,0.09838,0.0000,0.0000,0.0000,0.000,0.000,0.000,0,0
TRK,7052,0.50035,0.81580,-0.27271,0.09871,0.0000,0.0000,0.0000,0.000,0.000,0.000,0,0
TRK,7072,0.50048,0.81567,-0.27279,0.09894,0.0000,0.0000,0.0000,0.000,0.000,0.000,0,0
TRK,7092,0.50041,0.81521,-0.27368,0.10062,0.0000,0.0000,0.0000,0.000,0.000,0.000,0,0
TRK,7112,0.49777,0.81300,-0.28043,0.11230,0.0000,0.0000,0.0000,0.000,0.000,0.000,0,0
TRK,7132,0.49325,0.80954,-0.29065,0.12991,0.0000,0.0000,0.0000,0.000,0.000,0.000,0,0
TRK,7153,0.48899,0.80664,-0.29902,0.14423,0.0000,0.0000,0.0000,0.000,0.000,0.000,0,0
TRK,7173,0.48684,0.80591,-0.30210,0.14912,0.0000,0.0000,0.0000,0.000,0.000,0.000,0,0
TRK,7190,0.48540,0.80616,-0.30316,0.15028,0.0000,0.0000,0.0000,0.000,0.000,0.000,0,0
TRK,7210,0.48517,0.80697,-0.30233,0.14832,0.0000,0.0000,0.0000,0.000,0.000,0.000,0,0
TRK,7230,0.48514,0.80738,-0.30184,0.14723,0.0000,0.0000,0.0000,0.000,0.000,0.000,0,0
TRK,7250,0.48483,0.80776,-0.30163,0.14656,0.0000,0.0000,0.0000,0.000,0.000,0.000,0,0
TRK,7270,0.48480,0.80777,-0.30165,0.14657,0.0000,0.0000,0.0000,0.000,0.000,0.000,0,0
TRK,7290,0.48484,0.80746,-0.30201,0.14738,0.0000,0.0000,0.0000,0.000,0.000,0.000,0,0
TRK,7310,0.48326,0.80614,-0.30523,0.15308,0.0000,0.0000,0.0000,0.000,0.000,0.000,0,0
TRK,7330,0.48201,0.80585,-0.30677,0.15543,0.0000,0.0000,0.0000,0.000,0.000,0.000,0,0
TRK,7350,0.48152,0.80652,-0.30640,0.15424,0.0000,0.0000,0.0000,0.000,0.000,0.000,0,0
TRK,7370,0.48144,0.80685,-0.30606,0.15343,0.0000,0.0000,0.0000,0.000,0.000,0.000,0,0
TRK,7390,0.48152,0.80678,-0.30607,0.15351,0.0000,0.0000,0.0000,0.000,0.000,0.000,0,0
TRK,7410,0.48161,0.80643,-0.30642,0.15435,0.0000,0.0000,0.0000,0.000,0.000,0.000,0,0
TRK,7430,0.48167,0.80610,-0.30678,0.15518,0.0000,0.0000,0.0000,0.000,0.000,0.000,0,0
TRK,7450,0.47962,0.80427,-0.31092,0.16261,0.0000,0.0000,0.0000,0.000,0.000,0.000,0,0
TRK,7470,0.47645,0.80185,-0.31659,0.17261,0.0000,0.0000,0.0000,0.000,0.000,0.000,0,0
TRK,7490,0.47237,0.79964,-0.32259,0.18270,0.0000,0.0000,0.0000,0.000,0.000,0.000,0,0
TRK,7510,0.45831,0.79275,-0.34085,0.21288,0.0000,0.0000,0.0000,0.000,0.000,0.000,0,0
TRK,7530,0.44941,0.78635,-0.35303,0.23463,0.0000,0.0000,0.0000,0.000,0.000,0.000,0,0
TRK,7550,0.44859,0.78626,-0.35372,0.23546,0.0000,0.0000,0.0000,0.000,0.000,0.000,0,0
TRK,7570,0.50600,0.77855,-0.31333,0.19910,0.0000,0.0000,0.0000,0.000,0.000,0.000,0,0
TRK,7590,0.70855,0.65122,-0.20417,0.17940,0.0000,0.0000,0.0000,0.000,0.000,0.000,0,0
TRK,7610,0.92276,0.25048,-0.13548,0.25967,0.0000,0.0000,0.0000,0.000,0.000,0.000,0,0
TRK,7630,0.80602,-0.29091,-0.40839,0.31453,0.0000,0.0000,0.0000,0.000,0.000,0.000,0,0
TRK,7650,0.52583,-0.27622,-0.80143,-0.07007,0.0000,0.0000,0.0000,0.000,0.000,0.000,0,0
TRK,7670,0.75856,-0.00305,-0.15917,-0.63186,0.0000,0.0000,0.0000,0.000,0.000,0.000,0,0
TRK,7690,0.74460,-0.01295,-0.17461,-0.64414,0.0000,0.0000,0.0000,0.000,0.000,0.000,0,0
TRK,7710,0.73859,-0.07951,0.05422,-0.66725,0.0000,0.0000,0.0000,0.000,0.000,0.000,0,0
TRK,7730,0.72870,-0.10278,-0.03541,-0.67615,0.0000,0.0000,0.0000,0.000,0.000,0.000,0,0
TRK,7750,0.72015,-0.19381,-0.06504,-0.66301,0.0000,0.0000,0.0000,0.000,0.000,0.000,0,0
TRK,7770,0.70812,-0.27351,-0.06446,-0.64777,0.0000,0.0000,0.0000,0.000,0.000,0.000,0,0
TRK,7790,0.69344,-0.34542,-0.07220,-0.62819,0.0000,0.0000,0.0000,0.000,0.000,0.000,0,0
STAT,0.0,0.0,0,5,0,0.0000,0.000,0.0000,0.0000,0.0000,9.8067,0.00,0.000
TRK,7810,0.67501,-0.43836,-0.05265,-0.59113,0.0000,0.0000,0.0000,0.000,0.000,0.000,0,0
TRK,7831,0.73287,-0.44322,0.14847,-0.49438,0.0000,0.0000,0.0000,0.000,0.000,0.000,0,0
TRK,7852,0.77103,-0.37745,0.19218,-0.47550,0.0000,0.0000,0.0000,0.000,0.000,0.000,0,0
TRK,7872,0.84130,-0.16921,0.12899,-0.49693,0.0000,0.0000,0.0000,0.000,0.000,0.000,0,0
TRK,7892,0.83577,0.29797,-0.03660,-0.45973,0.0000,0.0000,0.0000,0.000,0.000,0.000,0,0
TRK,7912,0.77404,0.46558,-0.07339,-0.42275,0.0000,0.0000,0.0000,0.000,0.000,0.000,0,0
TRK,7932,0.82828,0.32468,-0.04347,-0.45458,0.0000,0.0000,0.0000,0.000,0.000,0.000,0,0
TRK,7952,0.86932,-0.02197,0.03162,-0.49274,0.0000,0.0000,0.0000,0.000,0.000,0.000,0,0
TRK,7972,0.82685,-0.28843,0.10719,-0.47078,0.0000,0.0000,0.0000,0.000,0.000,0.000,0,0
TRK,7993,0.81056,-0.33077,0.09262,-0.47435,0.0000,0.0000,0.0000,0.000,0.000,0.000,0,0
TRK,8013,0.85316,-0.13932,0.03277,-0.50164,0.0000,0.0000,0.0000,0.000,0.000,0.000,0,0
TRK,8033,0.85988,0.05036,-0.02449,-0.50742,0.0000,0.0000,0.0000,0.000,0.000,0.000,0,0
TRK,8053,0.83305,0.23545,-0.07100,-0.49552,0.0000,0.0000,0.0000,0.000,0.000,0.000,0,0
TRK,8073,0.81186,0.31435,-0.09213,-0.48330,0.0000,0.0000,0.0000,0.000,0.000,0.000,0,0
TRK,8093,0.82142,0.28324,-0.08744,-0.48724,0.0000,0.0000,0.0000,0.000,0.000,0.000,0,0
TRK,8113,0.84785,0.16262,-0.05401,-0.50178,0.0000,0.0000,0.0000,0.000,0.000,0.000,0,0
TRK,8133,0.85677,0.08479,-0.01881,-0.50834,0.0000,0.0000,0.0000,0.000,0.000,0.000,0,0
TRK,8153,0.84634,0.17202,-0.01875,-0.50375,0.0000,0.0000,0.0000,0.000,0.000,0.000,0,0
TRK,8173,0.82601,0.27289,-0.02775,-0.49240,0.0000,0.0000,0.0000,0.000,0.000,0.000,0,0
TRK,8193,0.79705,0.37158,-0.03162,-0.47502,0.0000,0.0000,0.0000,0.000,0.000,0.000,0,0
TRK,8213,0.76793,0.46333,-0.09500,-0.43195,0.0000,0.0000,0.0000,0.000,0.000,0.000,0,0
TRK,8233,0.78831,0.42507,-0.10181,-0.43303,0.0000,0.0000,0.0000,0.000,0.000,0.000,0,0
TRK,8253,0.79670,-0.43794,0.06320,-0.41168,0.0000,0.0000,0.0000,0.000,0.000,0.000,0,0
TRK,8270,0.79945,0.05371,-0.34507,-0.48879,0.0000,0.0000,0.0000,0.000,0.000,0.000,0,0
TRK,8290,0.60832,0.18335,-0.65118,-0.41509,0.0000,0.0000,0.0000,0.000,0.000,0.000,0,0
TRK,8310,0.45603,0.23132,-0.79332,-0.33041,0.0000,0.0000,0.0000,0.000,0.000,0.000,0,0
TRK,8330,0.33324,0.25713,-0.87416,-0.24223,0.0000,0.0000,0.0000,0.000,0.000,0.000,0,0
TRK,8350,0.25082,0.25549,-0.92383,-0.13543,0.0000,0.0000,0.0000,0.000,0.000,0.000,0,0
TRK,8370,0.12810,0.22890,-0.96023,0.09571,0.0000,0.0000,0.0000,0.000,0.000,0.000,0,0
TRK,8390,0.12749,0.16522,-0.86908,0.44850,0.0000,0.0000,0.0000,0.000,0.000,0.000,0,0
TRK,8410,0.13286,0.11761,-0.74850,0.63896,0.0000,0.0000,0.0000,0.000,0.000,0.000,0,0
TRK,8430,0.15638,0.09769,-0.62619,0.75755,0.0000,0.0000,0.0000,0.000,0.000,0.000,0,0
TRK,8450,0.22243,0.13626,-0.48132,0.83683,0.0000,0.0000,0.0000,0.000,0.000,0.000,0,0
TRK,8470,0.32959,0.21428,-0.17839,0.90202,0.0000,0.0000,0.0000,0.000,0.000,0.000,0,0
TRK,8490,0.40993,0.34223,0.24761,0.80841,0.0000,0.0000,0.0000,0.000,0.000,0.000,0,0
[  8510][E][Wire.cpp:499] requestFrom(): i2cWriteReadNonStop returned Error -1
TRK,8506,0.33250,0.53885,0.45105,0.62899,0.0000,0.0000,0.0000,0.000,0.000,0.000,0,0
TRK,8533,0.20717,0.62720,0.36151,0.65804,0.0000,0.0000,0.0000,0.000,0.000,0.000,0,0
TRK,8550,0.18956,0.63955,0.35047,0.65744,0.0000,0.0000,0.0000,0.000,0.000,0.000,0,0
TRK,8571,0.16076,0.66605,0.33888,0.64475,0.0000,0.0000,0.0000,0.000,0.000,0.000,0,0
TRK,8591,0.11453,0.70118,0.31637,0.62860,0.0000,0.0000,0.0000,0.000,0.000,0.000,0,0
TRK,8612,0.05031,0.70981,0.25974,0.65282,0.0000,0.0000,0.0000,0.000,0.000,0.000,0,0
TRK,8632,-0.00745,0.70617,0.20310,0.67825,0.0000,0.0000,0.0000,0.000,0.000,0.000,0,0
TRK,8652,-0.03269,0.71080,0.18012,0.67915,0.0000,0.0000,0.0000,0.000,0.000,0.000,0,0
TRK,8672,-0.03924,0.71017,0.17383,0.68110,0.0000,0.0000,0.0000,0.000,0.000,0.000,0,0
TRK,8692,-0.03758,0.70794,0.17500,0.68321,0.0000,0.0000,0.0000,0.000,0.000,0.000,0,0
TRK,8712,-0.03061,0.70356,0.18080,0.68657,0.0000,0.0000,0.0000,0.000,0.000,0.000,0,0
TRK,8732,-0.03107,0.69561,0.17869,0.69515,0.0000,0.0000,0.0000,0.000,0.000,0.000,0,0
TRK,8752,-0.03111,0.69430,0.17837,0.69653,0.0000,0.0000,0.0000,0.000,0.000,0.000,0,0
TRK,8772,-0.03111,0.69401,0.17831,0.69685,0.0000,0.0000,0.0000,0.000,0.000,0.000,0,0
TRK,8792,-0.03084,0.69393,0.17856,0.69687,0.0000,0.0000,0.0000,0.000,0.000,0.000,0,0
STAT,0.0,0.0,0,5,0,0.0000,0.000,0.0000,0.0000,0.0000,9.8067,0.00,0.000
TRK,8813,-0.03088,0.69403,0.17854,0.69678,0.0000,0.0000,0.0000,0.000,0.000,0.000,0,0
TRK,8833,-0.03070,0.69384,0.17868,0.69694,0.0000,0.0000,0.0000,0.000,0.000,0.000,0,0
TRK,8853,-0.02227,0.69075,0.18641,0.69830,0.0000,0.0000,0.0000,0.000,0.000,0.000,0,0
TRK,8873,-0.02861,0.69325,0.18064,0.69711,0.0000,0.0000,0.0000,0.000,0.000,0.000,0,0
TRK,8890,-0.03016,0.69385,0.17922,0.69681,0.0000,0.0000,0.0000,0.000,0.000,0.000,0,0
TRK,8911,-0.03054,0.69411,0.17890,0.69662,0.0000,0.0000,0.0000,0.000,0.000,0.000,0,0
TRK,8931,-0.03079,0.69403,0.17864,0.69675,0.0000,0.0000,0.0000,0.000,0.000,0.000,0,0
TRK,8951,-0.03120,0.69441,0.17830,0.69644,0.0000,0.0000,0.0000,0.000,0.000,0.000,0,0
TRK,8971,-0.03426,0.69629,0.17565,0.69509,0.0000,0.0000,0.0000,0.000,0.000,0.000,0,0
TRK,8991,-0.03469,0.69643,0.17525,0.69503,0.0000,0.0000,0.0000,0.000,0.000,0.000,0,0
TRK,9011,-0.03441,0.69695,0.17564,0.69442,0.0000,0.0000,0.0000,0.000,0.000,0.000,0,0
TRK,9031,-0.03449,0.69663,0.17550,0.69478,0.0000,0.0000,0.0000,0.000,0.000,0.000,0,0
TRK,9051,-0.03326,0.69429,0.17624,0.69699,0.0000,0.0000,0.0000,0.000,0.000,0.000,0,0
TRK,9071,-0.03255,0.69262,0.17661,0.69859,0.0000,0.0000,0.0000,0.000,0.000,0.000,0,0
TRK,9091,-0.03141,0.68793,0.17679,0.70321,0.0000,0.0000,0.0000,0.000,0.000,0.000,0,0
TRK,9111,-0.02626,0.67042,0.17822,0.71978,0.0000,0.0000,0.0000,0.000,0.000,0.000,0,0
TRK,9131,-0.02323,0.65491,0.17791,0.73410,0.0000,0.0000,0.0000,0.000,0.000,0.000,0,0
TRK,9152,-0.00854,0.62824,0.18792,0.75493,0.0000,0.0000,0.0000,0.000,0.000,0.000,0,0
TRK,9173,-0.00500,0.60007,0.18384,0.77852,0.0000,0.0000,0.0000,0.000,0.000,0.000,0,0
TRK,9193,-0.01255,0.58042,0.16790,0.79672,0.0000,0.0000,0.0000,0.000,0.000,0.000,0,0
TRK,9209,-0.01877,0.56526,0.15531,0.80994,0.0000,0.0000,0.0000,0.000,0.000,0.000,0,0
TRK,9231,-0.01877,0.54497,0.15025,0.82467,0.0000,0.0000,0.0000,0.000,0.000,0.000,0,0
TRK,9253,-0.01897,0.54373,0.14963,0.82560,0.0000,0.0000,0.0000,0.000,0.000,0.000,0,0
TRK,9271,-0.02016,0.54423,0.14795,0.82554,0.0000,0.0000,0.0000,0.000,0.000,0.000,0,0
TRK,9292,-0.03084,0.55078,0.13339,0.82334,0.0000,0.0000,0.0000,0.000,0.000,0.000,0,0
TRK,9313,-0.05065,0.58433,0.11103,0.80229,0.0000,0.0000,0.0000,0.000,0.000,0.000,0,0
TRK,9330,-0.07048,0.61520,0.08777,0.78029,0.0000,0.0000,0.0000,0.000,0.000,0.000,0,0
TRK,9351,-0.07872,0.64995,0.07864,0.75179,0.0000,0.0000,0.0000,0.000,0.000,0.000,0,0
TRK,9372,-0.07390,0.68848,0.08451,0.71652,0.0000,0.0000,0.0000,0.000,0.000,0.000,0,0
TRK,9393,-0.06760,0.71775,0.09147,0.68695,0.0000,0.0000,0.0000,0.000,0.000,0.000,0,0
TRK,9410,-0.06531,0.72599,0.09387,0.67813,0.0000,0.0000,0.0000,0.000,0.000,0.000,0,0
TRK,9431,-0.06493,0.72793,0.09429,0.67603,0.0000,0.0000,0.0000,0.000,0.000,0.000,0,0
TRK,9452,-0.06313,0.72544,0.09588,0.67864,0.0000,0.0000,0.0000,0.000,0.000,0.000,0,0
TRK,9473,-0.05539,0.72002,0.10288,0.68405,0.0000,0.0000,0.0000,0.000,0.000,0.000,0,0
TRK,9490,-0.04757,0.71754,0.11013,0.68611,0.0000,0.0000,0.0000,0.000,0.000,0.000,0,0
TRK,9511,-0.04420,0.71980,0.11353,0.68341,0.0000,0.0000,0.0000,0.000,0.000,0.000,0,0
TRK,9532,-0.04388,0.72100,0.11395,0.68210,0.0000,0.0000,0.0000,0.000,0.000,0.000,0,0
TRK,9553,-0.04368,0.72265,0.11428,0.68030,0.0000,0.0000,0.0000,0.000,0.000,0.000,0,0
TRK,9569,-0.04360,0.72290,0.11438,0.68003,0.0000,0.0000,0.0000,0.000,0.000,0.000,0,0
TRK,9591,-0.04398,0.72271,0.11401,0.68026,0.0000,0.0000,0.0000,0.000,0.000,0.000,0,0
TRK,9613,-0.04431,0.72256,0.11368,0.68046,0.0000,0.0000,0.0000,0.000,0.000,0.000,0,0
TRK,9631,-0.04424,0.72258,0.11375,0.68043,0.0000,0.0000,0.0000,0.000,0.000,0.000,0,0
TRK,9652,-0.04389,0.72281,0.11410,0.68015,0.0000,0.0000,0.0000,0.000,0.000,0.000,0,0
TRK,9673,-0.04372,0.72298,0.11427,0.67995,0.0000,0.0000,0.0000,0.000,0.000,0.000,0,0
TRK,9690,-0.04337,0.72302,0.11460,0.67987,0.0000,0.0000,0.0000,0.000,0.000,0.000,0,0
TRK,9711,-0.04330,0.72288,0.11465,0.68002,0.0000,0.0000,0.0000,0.000,0.000,0.000,0,0
TRK,9732,-0.04353,0.72268,0.11443,0.68025,0.0000,0.0000,0.0000,0.000,0.000,0.000,0,0
TRK,9752,-0.04353,0.72257,0.11441,0.68037,0.0000,0.0000,0.0000,0.000,0.000,0.000,0,0
TRK,9773,-0.04356,0.72259,0.11439,0.68035,0.0000,0.0000,0.0000,0.000,0.000,0.000,0,0
TRK,9790,-0.04342,0.72265,0.11452,0.68028,0.0000,0.0000,0.0000,0.000,0.000,0.000,0,0
STAT,0.0,0.0,0,5,0,0.0000,0.000,0.0000,0.0000,0.0000,9.8067,0.00,0.000
TRK,9811,-0.04353,0.72253,0.11441,0.68042,0.0000,0.0000,0.0000,0.000,0.000,0.000,0,0
TRK,9832,-0.04355,0.72241,0.11438,0.68055,0.0000,0.0000,0.0000,0.000,0.000,0.000,0,0
TRK,9853,-0.04357,0.72220,0.11434,0.68078,0.0000,0.0000,0.0000,0.000,0.000,0.000,0,0
TRK,9870,-0.04336,0.72201,0.11452,0.68096,0.0000,0.0000,0.0000,0.000,0.000,0.000,0,0
TRK,9891,-0.04317,0.72199,0.11469,0.68096,0.0000,0.0000,0.0000,0.000,0.000,0.000,0,0
TRK,9912,-0.04305,0.72195,0.11481,0.68099,0.0000,0.0000,0.0000,0.000,0.000,0.000,0,0
TRK,9933,-0.04288,0.72205,0.11498,0.68087,0.0000,0.0000,0.0000,0.000,0.000,0.000,0,0
TRK,9949,-0.04275,0.72212,0.11510,0.68079,0.0000,0.0000,0.0000,0.000,0.000,0.000,0,0
TRK,9971,-0.04272,0.72214,0.11513,0.68076,0.0000,0.0000,0.0000,0.000,0.000,0.000,0,0
TRK,9993,-0.04272,0.72224,0.11515,0.68065,0.0000,0.0000,0.0000,0.000,0.000,0.000,0,0
TRK,10011,-0.04271,0.72229,0.11516,0.68060,0.0000,0.0000,0.0000,0.000,0.000,0.000,0,0
TRK,10032,-0.04282,0.72217,0.11504,0.68073,0.0000,0.0000,0.0000,0.000,0.000,0.000,0,0
TRK,10050,-0.04283,0.72206,0.11502,0.68086,0.0000,0.0000,0.0000,0.000,0.000,0.000,0,0
TRK,10072,-0.04283,0.72198,0.11501,0.68094,0.0000,0.0000,0.0000,0.000,0.000,0.000,0,0
TRK,10093,-0.04292,0.72191,0.11492,0.68103,0.0000,0.0000,0.0000,0.000,0.000,0.000,0,0
TRK,10110,-0.04278,0.72186,0.11505,0.68107,0.0000,0.0000,0.0000,0.000,0.000,0.000,0,0
TRK,10131,-0.04274,0.72170,0.11507,0.68124,0.0000,0.0000,0.0000,0.000,0.000,0.000,0,0
TRK,10152,-0.04293,0.72147,0.11487,0.68150,0.0000,0.0000,0.0000,0.000,0.000,0.000,0,0
TRK,10173,-0.04293,0.72132,0.11486,0.68166,0.0000,0.0000,0.0000,0.000,0.000,0.000,0,0
TRK,10190,-0.04297,0.72121,0.11481,0.68178,0.0000,0.0000,0.0000,0.000,0.000,0.000,0,0
TRK,10211,-0.04298,0.72117,0.11480,0.68182,0.0000,0.0000,0.0000,0.000,0.000,0.000,0,0
TRK,10232,-0.04282,0.72115,0.11494,0.68183,0.0000,0.0000,0.0000,0.000,0.000,0.000,0,0
TRK,10248,-0.04264,0.72112,0.11511,0.68185,0.0000,0.0000,0.0000,0.000,0.000,0.000,0,0
TRK,10273,-0.04261,0.72093,0.11512,0.68205,0.0000,0.0000,0.0000,0.000,0.000,0.000,0,0
TRK,10289,-0.04270,0.72093,0.11503,0.68206,0.0000,0.0000,0.0000,0.000,0.000,0.000,0,0
TRK,10311,-0.04260,0.72090,0.11513,0.68208,0.0000,0.0000,0.0000,0.000,0.000,0.000,0,0
TRK,10330,-0.04240,0.72086,0.11531,0.68211,0.0000,0.0000,0.0000,0.000,0.000,0.000,0,0
TRK,10351,-0.04247,0.72072,0.11523,0.68226,0.0000,0.0000,0.0000,0.000,0.000,0.000,0,0
TRK,10372,-0.04233,0.72092,0.11538,0.68203,0.0000,0.0000,0.0000,0.000,0.000,0.000,0,0
TRK,10393,-0.04193,0.72081,0.11575,0.68211,0.0000,0.0000,0.0000,0.000,0.000,0.000,0,0
TRK,10410,-0.04191,0.72094,0.11578,0.68197,0.0000,0.0000,0.0000,0.000,0.000,0.000,0,0
TRK,10431,-0.04197,0.72103,0.11573,0.68188,0.0000,0.0000,0.0000,0.000,0.000,0.000,0,0
TRK,10452,-0.04193,0.72089,0.11576,0.68203,0.0000,0.0000,0.0000,0.000,0.000,0.000,0,0
TRK,10473,-0.04203,0.72050,0.11562,0.68246,0.0000,0.0000,0.0000,0.000,0.000,0.000,0,0
TRK,10490,-0.04220,0.72031,0.11544,0.68267,0.0000,0.0000,0.0000,0.000,0.000,0.000,0,0
TRK,10511,-0.04239,0.72013,0.11525,0.68288,0.0000,0.0000,0.0000,0.000,0.000,0.000,0,0
TRK,10532,-0.04243,0.72009,0.11521,0.68294,0.0000,0.0000,0.0000,0.000,0.000,0.000,0,0
TRK,10553,-0.04267,0.72035,0.11501,0.68268,0.0000,0.0000,0.0000,0.000,0.000,0.000,0,0
TRK,10570,-0.04271,0.72077,0.11501,0.68223,0.0000,0.0000,0.0000,0.000,0.000,0.000,0,0
TRK,10591,-0.04242,0.72157,0.11536,0.68134,0.0000,0.0000,0.0000,0.000,0.000,0.000,0,0
TRK,10612,-0.04031,0.72129,0.11731,0.68144,0.0000,0.0000,0.0000,0.000,0.000,0.000,0,0
TRK,10633,-0.03955,0.72073,0.11797,0.68196,0.0000,0.0000,0.0000,0.000,0.000,0.000,0,0
TRK,10649,-0.04716,0.72273,0.11102,0.68052,0.0000,0.0000,0.0000,0.000,0.000,0.000,0,0
TRK,10671,-0.06718,0.72714,0.09261,0.67689,0.0000,0.0000,0.0000,0.000,0.000,0.000,0,0
TRK,10693,-0.08584,0.73137,0.07535,0.67235,0.0000,0.0000,0.0000,0.000,0.000,0.000,0,0
TRK,10711,-0.08952,0.73285,0.07192,0.67063,0.0000,0.0000,0.0000,0.000,0.000,0.000,0,0
TRK,10732,-0.08667,0.73292,0.07454,0.67064,0.0000,0.0000,0.0000,0.000,0.000,0.000,0,0
TRK,10753,-0.08272,0.73299,0.07817,0.67065,0.0000,0.0000,0.0000,0.000,0.000,0.000,0,0
TRK,10770,-0.08046,0.73791,0.08015,0.66528,0.0000,0.0000,0.0000,0.000,0.000,0.000,0,0
TRK,10791,-0.06606,0.74854,0.09301,0.65320,0.0000,0.0000,0.0000,0.000,0.000,0.000,0,0
STAT,0.0,0.0,0,5,0,0.0000,0.000,0.0000,0.0000,0.0000,9.8067,0.00,0.000
TRK,10813,-0.05099,0.74922,0.10605,0.65178,0.0000,0.0000,0.0000,0.000,0.000,0.000,0,0
TRK,10830,-0.02347,0.74150,0.12928,0.65796,0.0000,0.0000,0.0000,0.000,0.000,0.000,0,0
TRK,10851,0.00901,0.73103,0.15640,0.66412,0.0000,0.0000,0.0000,0.000,0.000,0.000,0,0
TRK,10873,0.03876,0.71933,0.18084,0.66960,0.0000,0.0000,0.0000,0.000,0.000,0.000,0,0
TRK,10890,0.05082,0.71255,0.19013,0.67345,0.0000,0.0000,0.0000,0.000,0.000,0.000,0,0
TRK,10911,0.05673,0.70306,0.19254,0.68222,0.0000,0.0000,0.0000,0.000,0.000,0.000,0,0
TRK,10932,0.06207,0.69586,0.19528,0.68832,0.0000,0.0000,0.0000,0.000,0.000,0.000,0,0
TRK,10953,0.07736,0.68716,0.20772,0.69187,0.0000,0.0000,0.0000,0.000,0.000,0.000,0,0
TRK,10969,0.08496,0.68422,0.21450,0.69182,0.0000,0.0000,0.0000,0.000,0.000,0.000,0,0
TRK,10991,0.08617,0.68373,0.21556,0.69182,0.0000,0.0000,0.0000,0.000,0.000,0.000,0,0
TRK,11013,0.07716,0.68679,0.20734,0.69237,0.0000,0.0000,0.0000,0.000,0.000,0.000,0,0
TRK,11031,0.07158,0.68874,0.20228,0.69253,0.0000,0.0000,0.0000,0.000,0.000,0.000,0,0
TRK,11052,0.06867,0.68923,0.19944,0.69316,0.0000,0.0000,0.0000,0.000,0.000,0.000,0,0
TRK,11073,0.06175,0.69121,0.19302,0.69366,0.0000,0.0000,0.0000,0.000,0.000,0.000,0,0
TRK,11093,0.04548,0.69378,0.17728,0.69655,0.0000,0.0000,0.0000,0.000,0.000,0.000,0,0
TRK,11113,0.04531,0.68123,0.17285,0.70993,0.0000,0.0000,0.0000,0.000,0.000,0.000,0,0
TRK,11133,0.03880,0.66929,0.16210,0.72406,0.0000,0.0000,0.0000,0.000,0.000,0.000,0,0
TRK,11153,0.03383,0.65184,0.15144,0.74231,0.0000,0.0000,0.0000,0.000,0.000,0.000,0,0
TRK,11170,0.02538,0.63680,0.13745,0.75826,0.0000,0.0000,0.0000,0.000,0.000,0.000,0,0
TRK,11190,0.00774,0.61891,0.11157,0.77746,0.0000,0.0000,0.0000,0.000,0.000,0.000,0,0
TRK,11210,-0.01654,0.60548,0.07848,0.79181,0.0000,0.0000,0.0000,0.000,0.000,0.000,0,0
TRK,11230,-0.02920,0.59907,0.06130,0.79781,0.0000,0.0000,0.0000,0.000,0.000,0.000,0,0
TRK,11250,-0.02454,0.60173,0.06766,0.79545,0.0000,0.0000,0.0000,0.000,0.000,0.000,0,0
TRK,11270,-0.00700,0.61401,0.09162,0.78393,0.0000,0.0000,0.0000,0.000,0.000,0.000,0,0
TRK,11290,0.01396,0.63178,0.12070,0.76557,0.0000,0.0000,0.0000,0.000,0.000,0.000,0,0
TRK,11310,0.02754,0.64752,0.14058,0.74846,0.0000,0.0000,0.0000,0.000,0.000,0.000,0,0
TRK,11330,0.03817,0.65791,0.15569,0.73584,0.0000,0.0000,0.0000,0.000,0.000,0.000,0,0
TRK,11350,0.04057,0.66825,0.16152,0.72506,0.0000,0.0000,0.0000,0.000,0.000,0.000,0,0
TRK,11370,0.04278,0.67343,0.16549,0.71922,0.0000,0.0000,0.0000,0.000,0.000,0.000,0,0
TRK,11390,0.04998,0.67008,0.17226,0.72029,0.0000,0.0000,0.0000,0.000,0.000,0.000,0,0
TRK,11410,0.05671,0.66403,0.17765,0.72408,0.0000,0.0000,0.0000,0.000,0.000,0.000,0,0
TRK,11430,0.06417,0.66136,0.18512,0.72402,0.0000,0.0000,0.0000,0.000,0.000,0.000,0,0
TRK,11450,0.07194,0.66548,0.19553,0.71675,0.0000,0.0000,0.0000,0.000,0.000,0.000,0,0
TRK,11470,0.07087,0.67712,0.19912,0.70487,0.0000,0.0000,0.0000,0.000,0.000,0.000,0,0
TRK,11490,0.06771,0.68338,0.19825,0.69936,0.0000,0.0000,0.0000,0.000,0.000,0.000,0,0
TRK,11510,0.06231,0.68803,0.19439,0.69638,0.0000,0.0000,0.0000,0.000,0.000,0.000,0,0
TRK,11530,0.05843,0.68973,0.19098,0.69597,0.0000,0.0000,0.0000,0.000,0.000,0.000,0,0
TRK,11550,0.05805,0.68933,0.19044,0.69655,0.0000,0.0000,0.0000,0.000,0.000,0.000,0,0
TRK,11570,0.05804,0.68830,0.19005,0.69768,0.0000,0.0000,0.0000,0.000,0.000,0.000,0,0
TRK,11590,0.05790,0.68775,0.18970,0.69833,0.0000,0.0000,0.0000,0.000,0.000,0.000,0,0
TRK,11610,0.05790,0.68776,0.18970,0.69831,0.0000,0.0000,0.0000,0.000,0.000,0.000,0,0
TRK,11630,0.05790,0.68757,0.18963,0.69852,0.0000,0.0000,0.0000,0.000,0.000,0.000,0,0
TRK,11650,0.05766,0.68767,0.18942,0.69850,0.0000,0.0000,0.0000,0.000,0.000,0.000,0,0
TRK,11670,0.05510,0.68897,0.18722,0.69803,0.0000,0.0000,0.0000,0.000,0.000,0.000,0,0
TRK,11690,0.05105,0.69017,0.18343,0.69815,0.0000,0.0000,0.0000,0.000,0.000,0.000,0,0
TRK,11710,0.05094,0.69029,0.18336,0.69806,0.0000,0.0000,0.0000,0.000,0.000,0.000,0,0
TRK,11730,0.05227,0.69011,0.18467,0.69779,0.0000,0.0000,0.0000,0.000,0.000,0.000,0,0
TRK,11750,0.05184,0.69126,0.18463,0.69670,0.0000,0.0000,0.0000,0.000,0.000,0.000,0,0
TRK,11770,0.05030,0.69242,0.18343,0.69597,0.0000,0.0000,0.0000,0.000,0.000,0.000,0,0
TRK,11790,0.04873,0.69362,0.18223,0.69520,0.0000,0.0000,0.0000,0.000,0.000,0.000,0,0
STAT,0.0,0.0,0,5,0,0.0000,0.000,0.0000,0.0000,0.0000,9.8067,0.00,0.000
TRK,11810,0.04861,0.69401,0.18224,0.69482,0.0000,0.0000,0.0000,0.000,0.000,0.000,0,0
TRK,11830,0.04771,0.69428,0.18141,0.69483,0.0000,0.0000,0.0000,0.000,0.000,0.000,0,0
TRK,11850,0.04690,0.69479,0.18076,0.69455,0.0000,0.0000,0.0000,0.000,0.000,0.000,0,0
TRK,11870,0.04550,0.69549,0.17956,0.69425,0.0000,0.0000,0.0000,0.000,0.000,0.000,0,0
TRK,11890,0.04249,0.69726,0.17707,0.69331,0.0000,0.0000,0.0000,0.000,0.000,0.000,0,0
TRK,11910,0.04177,0.69822,0.17665,0.69249,0.0000,0.0000,0.0000,0.000,0.000,0.000,0,0
TRK,11930,0.04185,0.69886,0.17693,0.69177,0.0000,0.0000,0.0000,0.000,0.000,0.000,0,0
TRK,11950,0.04185,0.69905,0.17700,0.69155,0.0000,0.0000,0.0000,0.000,0.000,0.000,0,0
TRK,11970,0.04212,0.69887,0.17720,0.69167,0.0000,0.0000,0.0000,0.000,0.000,0.000,0,0
TRK,11990,0.04228,0.69844,0.17723,0.69209,0.0000,0.0000,0.0000,0.000,0.000,0.000,0,0
TRK,12010,0.04200,0.69749,0.17665,0.69321,0.0000,0.0000,0.0000,0.000,0.000,0.000,0,0
TRK,12030,0.04206,0.69715,0.17660,0.69356,0.0000,0.0000,0.0000,0.000,0.000,0.000,0,0
TRK,12050,0.04224,0.69704,0.17674,0.69363,0.0000,0.0000,0.0000,0.000,0.000,0.000,0,0
TRK,12071,0.04247,0.69712,0.17700,0.69346,0.0000,0.0000,0.0000,0.000,0.000,0.000,0,0
TRK,12091,0.04265,0.69737,0.17727,0.69313,0.0000,0.0000,0.0000,0.000,0.000,0.000,0,0
TRK,12111,0.04267,0.69718,0.17723,0.69334,0.0000,0.0000,0.0000,0.000,0.000,0.000,0,0
TRK,12131,0.04260,0.69680,0.17703,0.69377,0.0000,0.0000,0.0000,0.000,0.000,0.000,0,0
TRK,12151,0.04142,0.69682,0.17584,0.69412,0.0000,0.0000,0.0000,0.000,0.000,0.000,0,0
TRK,12171,0.04069,0.69668,0.17505,0.69451,0.0000,0.0000,0.0000,0.000,0.000,0.000,0,0
TRK,12191,0.03937,0.69690,0.17378,0.69468,0.0000,0.0000,0.0000,0.000,0.000,0.000,0,0
TRK,12211,0.03719,0.69749,0.17176,0.69471,0.0000,0.0000,0.0000,0.000,0.000,0.000,0,0
TRK,12231,0.03537,0.69820,0.17013,0.69449,0.0000,0.0000,0.0000,0.000,0.000,0.000,0,0
TRK,12251,0.03302,0.69905,0.16801,0.69427,0.0000,0.0000,0.0000,0.000,0.000,0.000,0,0
TRK,12271,0.03089,0.70001,0.16614,0.69385,0.0000,0.0000,0.0000,0.000,0.000,0.000,0,0
TRK,12291,0.02968,0.70052,0.16507,0.69364,0.0000,0.0000,0.0000,0.000,0.000,0.000,0,0
TRK,12312,0.02948,0.70081,0.16496,0.69338,0.0000,0.0000,0.0000,0.000,0.000,0.000,0,0
TRK,12332,0.02944,0.70079,0.16491,0.69342,0.0000,0.0000,0.0000,0.000,0.000,0.000,0,0
TRK,12352,0.02922,0.70091,0.16472,0.69336,0.0000,0.0000,0.0000,0.000,0.000,0.000,0,0
TRK,12372,0.02932,0.70086,0.16481,0.69338,0.0000,0.0000,0.0000,0.000,0.000,0.000,0,0
TRK,12392,0.02941,0.70062,0.16483,0.69361,0.0000,0.0000,0.0000,0.000,0.000,0.000,0,0
TRK,12412,0.02941,0.70047,0.16480,0.69377,0.0000,0.0000,0.0000,0.000,0.000,0.000,0,0
TRK,12432,0.02945,0.70036,0.16480,0.69388,0.0000,0.0000,0.0000,0.000,0.000,0.000,0,0
TRK,12452,0.02956,0.70019,0.16486,0.69403,0.0000,0.0000,0.0000,0.000,0.000,0.000,0,0
TRK,12472,0.02950,0.69991,0.16472,0.69435,0.0000,0.0000,0.0000,0.000,0.000,0.000,0,0
TRK,12492,0.02907,0.69997,0.16431,0.69440,0.0000,0.0000,0.0000,0.000,0.000,0.000,0,0
TRK,12512,0.02714,0.70051,0.16253,0.69436,0.0000,0.0000,0.0000,0.000,0.000,0.000,0,0
TRK,12533,0.02431,0.70142,0.15994,0.69414,0.0000,0.0000,0.0000,0.000,0.000,0.000,0,0
TRK,12553,0.02186,0.70309,0.15794,0.69300,0.0000,0.0000,0.0000,0.000,0.000,0.000,0,0
TRK,12573,0.02054,0.70466,0.15702,0.69164,0.0000,0.0000,0.0000,0.000,0.000,0.000,0,0
TRK,12593,0.02030,0.70542,0.15698,0.69088,0.0000,0.0000,0.0000,0.000,0.000,0.000,0,0
TRK,12609,0.02055,0.70564,0.15728,0.69059,0.0000,0.0000,0.0000,0.000,0.000,0.000,0,0
TRK,12631,0.02045,0.70553,0.15716,0.69073,0.0000,0.0000,0.0000,0.000,0.000,0.000,0,0
TRK,12651,0.02035,0.70521,0.15698,0.69110,0.0000,0.0000,0.0000,0.000,0.000,0.000,0,0
TRK,12671,0.01944,0.70508,0.15605,0.69147,0.0000,0.0000,0.0000,0.000,0.000,0.000,0,0
TRK,12690,0.01839,0.70522,0.15504,0.69158,0.0000,0.0000,0.0000,0.000,0.000,0.000,0,0
TRK,12710,0.01755,0.70523,0.15421,0.69178,0.0000,0.0000,0.0000,0.000,0.000,0.000,0,0
TRK,12730,0.01748,0.70495,0.15408,0.69210,0.0000,0.0000,0.0000,0.000,0.000,0.000,0,0
TRK,12751,0.01747,0.70516,0.15412,0.69187,0.0000,0.0000,0.0000,0.000,0.000,0.000,0,0
TRK,12771,0.01710,0.70588,0.15393,0.69120,0.0000,0.0000,0.0000,0.000,0.000,0.000,0,0
TRK,12791,0.01712,0.70844,0.15458,0.68842,0.0000,0.0000,0.0000,0.000,0.000,0.000,0,0
STAT,0.0,0.0,0,5,0,0.0000,0.000,0.0000,0.0000,0.0000,9.8067,0.00,0.000
TRK,12813,0.01746,0.71504,0.15653,0.68112,0.0000,0.0000,0.0000,0.000,0.000,0.000,0,0
TRK,12833,0.01768,0.71682,0.15717,0.67909,0.0000,0.0000,0.0000,0.000,0.000,0.000,0,0
TRK,12853,0.01763,0.71721,0.15722,0.67866,0.0000,0.0000,0.0000,0.000,0.000,0.000,0,0
TRK,12873,0.01931,0.71676,0.15871,0.67874,0.0000,0.0000,0.0000,0.000,0.000,0.000,0,0
TRK,12893,0.01420,0.71386,0.15312,0.68319,0.0000,0.0000,0.0000,0.000,0.000,0.000,0,0
TRK,12910,0.00167,0.71277,0.14084,0.68711,0.0000,0.0000,0.0000,0.000,0.000,0.000,0,0
TRK,12930,-0.02394,0.71539,0.11668,0.68850,0.0000,0.0000,0.0000,0.000,0.000,0.000,0,0
TRK,12950,-0.05820,0.72335,0.08469,0.68279,0.0000,0.0000,0.0000,0.000,0.000,0.000,0,0
TRK,12970,-0.09911,0.73011,0.04605,0.67453,0.0000,0.0000,0.0000,0.000,0.000,0.000,0,0
TRK,12990,-0.13463,0.73377,0.01223,0.66582,0.0000,0.0000,0.0000,0.000,0.000,0.000,0,0
TRK,13010,-0.16162,0.73534,-0.01362,0.65801,0.0000,0.0000,0.0000,0.000,0.000,0.000,0,0
TRK,13030,-0.18340,0.73571,-0.03465,0.65107,0.0000,0.0000,0.0000,0.000,0.000,0.000,0,0
TRK,13050,-0.20073,0.73841,-0.05248,0.64165,0.0000,0.0000,0.0000,0.000,0.000,0.000,0,0
TRK,13070,-0.21137,0.74181,-0.06426,0.63318,0.0000,0.0000,0.0000,0.000,0.000,0.000,0,0
TRK,13090,-0.21836,0.74959,-0.07485,0.62035,0.0000,0.0000,0.0000,0.000,0.000,0.000,0,0
TRK,13110,-0.20175,0.76659,-0.06706,0.60593,0.0000,0.0000,0.0000,0.000,0.000,0.000,0,0
TRK,13130,-0.17479,0.78334,-0.05033,0.59439,0.0000,0.0000,0.0000,0.000,0.000,0.000,0,0
TRK,13150,-0.13278,0.79331,-0.01942,0.59384,0.0000,0.0000,0.0000,0.000,0.000,0.000,0,0
TRK,13170,-0.08810,0.79388,0.01522,0.60147,0.0000,0.0000,0.0000,0.000,0.000,0.000,0,0
TRK,13190,-0.02477,0.77975,0.06498,0.62221,0.0000,0.0000,0.0000,0.000,0.000,0.000,0,0
TRK,13211,0.05108,0.74661,0.12356,0.65169,0.0000,0.0000,0.0000,0.000,0.000,0.000,0,0
TRK,13232,0.11444,0.71621,0.17348,0.66622,0.0000,0.0000,0.0000,0.000,0.000,0.000,0,0
TRK,13252,0.16123,0.70484,0.21557,0.65631,0.0000,0.0000,0.0000,0.000,0.000,0.000,0,0
TRK,13272,0.18671,0.68856,0.23314,0.66081,0.0000,0.0000,0.0000,0.000,0.000,0.000,0,0
TRK,13292,0.21419,0.66504,0.24879,0.67078,0.0000,0.0000,0.0000,0.000,0.000,0.000,0,0
TRK,13312,0.25258,0.62956,0.27037,0.68319,0.0000,0.0000,0.0000,0.000,0.000,0.000,0,0
TRK,13332,0.27903,0.61127,0.29236,0.68045,0.0000,0.0000,0.0000,0.000,0.000,0.000,0,0
TRK,13352,0.30537,0.59506,0.31794,0.67199,0.0000,0.0000,0.0000,0.000,0.000,0.000,0,0
TRK,13372,0.32708,0.58225,0.34092,0.66164,0.0000,0.0000,0.0000,0.000,0.000,0.000,0,0
TRK,13392,0.33886,0.57429,0.35244,0.65662,0.0000,0.0000,0.0000,0.000,0.000,0.000,0,0
TRK,13412,0.32903,0.58088,0.34265,0.66099,0.0000,0.0000,0.0000,0.000,0.000,0.000,0,0
TRK,13432,0.30193,0.59819,0.31600,0.67168,0.0000,0.0000,0.0000,0.000,0.000,0.000,0,0
TRK,13452,0.26327,0.62170,0.27947,0.68269,0.0000,0.0000,0.0000,0.000,0.000,0.000,0,0
TRK,13472,0.21067,0.64946,0.22965,0.69360,0.0000,0.0000,0.0000,0.000,0.000,0.000,0,0
TRK,13493,0.12293,0.68713,0.14675,0.70086,0.0000,0.0000,0.0000,0.000,0.000,0.000,0,0
TRK,13509,0.04809,0.70820,0.07483,0.70039,0.0000,0.0000,0.0000,0.000,0.000,0.000,0,0
TRK,13531,-0.06198,0.72295,-0.03165,0.68739,0.0000,0.0000,0.0000,0.000,0.000,0.000,0,0
TRK,13551,-0.15963,0.71959,-0.12632,0.66389,0.0000,0.0000,0.0000,0.000,0.000,0.000,0,0
TRK,13571,-0.23931,0.70666,-0.20427,0.63375,0.0000,0.0000,0.0000,0.000,0.000,0.000,0,0
TRK,13591,-0.29698,0.69150,-0.26178,0.60424,0.0000,0.0000,0.0000,0.000,0.000,0.000,0,0
TRK,13611,-0.33738,0.67826,-0.30332,0.57804,0.0000,0.0000,0.0000,0.000,0.000,0.000,0,0
TRK,13631,-0.37049,0.66427,-0.33686,0.55498,0.0000,0.0000,0.0000,0.000,0.000,0.000,0,0
TRK,13651,-0.39048,0.65450,-0.35689,0.54017,0.0000,0.0000,0.0000,0.000,0.000,0.000,0,0
TRK,13671,-0.40826,0.64498,-0.37468,0.52625,0.0000,0.0000,0.0000,0.000,0.000,0.000,0,0
TRK,13692,-0.37674,0.68377,-0.40359,0.47710,0.0000,0.0000,0.0000,0.000,0.000,0.000,0,0
TRK,13712,-0.25789,0.77318,-0.41369,0.40565,0.0000,0.0000,0.0000,0.000,0.000,0.000,0,0
TRK,13732,0.05719,0.89250,-0.36968,0.25201,0.0000,0.0000,0.0000,0.000,0.000,0.000,0,0
TRK,13752,0.66710,0.71882,-0.16968,0.09737,0.0000,0.0000,0.0000,0.000,0.000,0.000,0,0
TRK,13772,0.90479,-0.27552,-0.21613,0.24234,0.0000,0.0000,0.0000,0.000,0.000,0.000,0,0
TRK,13793,0.90583,-0.13226,-0.38390,0.12086,0.0000,0.0000,0.0000,0.000,0.000,0.000,0,0
STAT,0.0,0.0,0,5,0,0.0000,0.000,0.0000,0.0000,0.0000,9.8067,0.00,0.000
TRK,13810,0.88796,-0.00787,-0.45628,0.05718,0.0000,0.0000,0.0000,0.000,0.000,0.000,0,0
TRK,13830,0.84455,0.06439,-0.53132,0.01693,0.0000,0.0000,0.0000,0.000,0.000,0.000,0,0
TRK,13850,0.81446,0.09003,-0.57319,0.00369,0.0000,0.0000,0.0000,0.000,0.000,0.000,0,0
TRK,13870,0.79426,0.08697,-0.60125,0.00912,0.0000,0.0000,0.0000,0.000,0.000,0.000,0,0
TRK,13890,0.80368,0.08139,-0.58935,0.01219,0.0000,0.0000,0.0000,0.000,0.000,0.000,0,0
TRK,13910,0.82970,0.04910,-0.55512,0.03225,0.0000,0.0000,0.0000,0.000,0.000,0.000,0,0
TRK,13930,0.81617,0.02725,-0.57527,0.04679,0.0000,0.0000,0.0000,0.000,0.000,0.000,0,0
TRK,13950,0.78779,0.03906,-0.61354,0.03787,0.0000,0.0000,0.0000,0.000,0.000,0.000,0,0
TRK,13970,0.75466,0.05531,-0.65329,0.02525,0.0000,0.0000,0.0000,0.000,0.000,0.000,0,0
TRK,13990,0.73960,0.12035,-0.66141,-0.03233,0.0000,0.0000,0.0000,0.000,0.000,0.000,0,0
TRK,14010,0.74657,0.17337,-0.63665,-0.08516,0.0000,0.0000,0.0000,0.000,0.000,0.000,0,0
TRK,14030,0.76399,0.17558,-0.61363,-0.09459,0.0000,0.0000,0.0000,0.000,0.000,0.000,0,0
TRK,14050,0.79850,0.16248,-0.57140,-0.09748,0.0000,0.0000,0.0000,0.000,0.000,0.000,0,0
TRK,14070,0.81059,0.18060,-0.54463,-0.11703,0.0000,0.0000,0.0000,0.000,0.000,0.000,0,0
TRK,14091,0.81038,0.26796,-0.48715,-0.18485,0.0000,0.0000,0.0000,0.000,0.000,0.000,0,0
TRK,14111,0.76864,0.36207,-0.47150,-0.23618,0.0000,0.0000,0.0000,0.000,0.000,0.000,0,0
TRK,14131,0.67130,0.48958,-0.48126,-0.27937,0.0000,0.0000,0.0000,0.000,0.000,0.000,0,0
TRK,14151,0.53217,0.61588,-0.49933,-0.29692,0.0000,0.0000,0.0000,0.000,0.000,0.000,0,0
TRK,14171,0.26399,0.75985,-0.56012,-0.19799,0.0000,0.0000,0.0000,0.000,0.000,0.000,0,0
TRK,14191,-0.01286,0.78644,-0.59833,0.15282,0.0000,0.0000,0.0000,0.000,0.000,0.000,0,0
TRK,14211,-0.05133,0.70495,-0.52950,0.46909,0.0000,0.0000,0.0000,0.000,0.000,0.000,0,0
TRK,14231,0.04725,0.56867,-0.32939,0.75225,0.0000,0.0000,0.0000,0.000,0.000,0.000,0,0
TRK,14251,0.22289,0.36054,0.01756,0.90555,0.0000,0.0000,0.0000,0.000,0.000,0.000,0,0
TRK,14271,0.37395,0.04598,0.48854,0.78701,0.0000,0.0000,0.0000,0.000,0.000,0.000,0,0
TRK,14291,0.29792,-0.14815,0.86087,0.38497,0.0000,0.0000,0.0000,0.000,0.000,0.000,0,0
TRK,14311,-0.06168,-0.17431,0.98275,-0.00245,0.0000,0.0000,0.0000,0.000,0.000,0.000,0,0
TRK,14331,-0.45941,-0.15138,0.85256,-0.19794,0.0000,0.0000,0.0000,0.000,0.000,0.000,0,0
TRK,14352,-0.76715,-0.11645,0.55509,-0.29967,0.0000,0.0000,0.0000,0.000,0.000,0.000,0,0
TRK,14373,-0.89793,-0.09359,0.28011,-0.32634,0.0000,0.0000,0.0000,0.000,0.000,0.000,0,0
TRK,14390,-0.92656,-0.05021,0.16077,-0.33634,0.0000,0.0000,0.0000,0.000,0.000,0.000,0,0
TRK,14410,-0.93653,-0.01791,0.07882,-0.34113,0.0000,0.0000,0.0000,0.000,0.000,0.000,0,0
TRK,14430,-0.93006,0.10293,0.07468,-0.34469,0.0000,0.0000,0.0000,0.000,0.000,0.000,0,0
TRK,14450,-0.90748,0.19557,0.16347,-0.33394,0.0000,0.0000,0.0000,0.000,0.000,0.000,0,0
TRK,14470,-0.89800,0.23491,0.15187,-0.33965,0.0000,0.0000,0.0000,0.000,0.000,0.000,0,0
TRK,14490,-0.88184,0.27844,0.18802,-0.33088,0.0000,0.0000,0.0000,0.000,0.000,0.000,0,0
TRK,14510,-0.87803,0.28361,0.20945,-0.32366,0.0000,0.0000,0.0000,0.000,0.000,0.000,0,0
TRK,14530,-0.88060,0.27229,0.22255,-0.31762,0.0000,0.0000,0.0000,0.000,0.000,0.000,0,0
TRK,14550,-0.87291,0.26291,0.28869,-0.29252,0.0000,0.0000,0.0000,0.000,0.000,0.000,0,0
TRK,14570,-0.83524,0.27069,0.41027,-0.24655,0.0000,0.0000,0.0000,0.000,0.000,0.000,0,0
TRK,14590,-0.73744,0.32490,0.55674,-0.20167,0.0000,0.0000,0.0000,0.000,0.000,0.000,0,0
TRK,14610,-0.64865,0.38070,0.63203,-0.18669,0.0000,0.0000,0.0000,0.000,0.000,0.000,0,0
TRK,14630,-0.51837,0.47694,0.67380,-0.22318,0.0000,0.0000,0.0000,0.000,0.000,0.000,0,0
TRK,14650,-0.38647,0.57895,0.63117,-0.34217,0.0000,0.0000,0.0000,0.000,0.000,0.000,0,0
TRK,14670,-0.29845,0.62937,0.57842,-0.42456,0.0000,0.0000,0.0000,0.000,0.000,0.000,0,0
TRK,14690,-0.21933,0.66311,0.52991,-0.48102,0.0000,0.0000,0.0000,0.000,0.000,0.000,0,0
TRK,14711,-0.15112,0.67629,0.46951,-0.54714,0.0000,0.0000,0.0000,0.000,0.000,0.000,0,0
TRK,14731,-0.08389,0.69266,0.41771,-0.58198,0.0000,0.0000,0.0000,0.000,0.000,0.000,0,0
TRK,14751,-0.03310,0.69623,0.37389,-0.61186,0.0000,0.0000,0.0000,0.000,0.000,0.000,0,0
TRK,14771,-0.02185,0.69424,0.36252,-0.62139,0.0000,0.0000,0.0000,0.000,0.000,0.000,0,0
TRK,14791,0.02339,0.70345,0.32781,-0.63020,0.0000,0.0000,0.0000,0.000,0.000,0.000,0,0
STAT,0.0,0.0,0,5,0,0.0000,0.000,0.0000,0.0000,0.0000,9.8067,0.00,0.000
TRK,14811,0.05110,0.72925,0.31357,-0.60601,0.0000,0.0000,0.0000,0.000,0.000,0.000,0,0
TRK,14831,0.01564,0.68198,0.32836,-0.65333,0.0000,0.0000,0.0000,0.000,0.000,0.000,0,0
TRK,14851,-0.04491,0.57814,0.33577,-0.74229,0.0000,0.0000,0.0000,0.000,0.000,0.000,0,0
TRK,14871,-0.02875,0.58571,0.32001,-0.74412,0.0000,0.0000,0.0000,0.000,0.000,0.000,0,0
TRK,14891,-0.03435,0.57771,0.32275,-0.74894,0.0000,0.0000,0.0000,0.000,0.000,0.000,0,0
TRK,14911,-0.02916,0.59698,0.32795,-0.73158,0.0000,0.0000,0.0000,0.000,0.000,0.000,0,0
TRK,14931,0.01509,0.67809,0.32073,-0.66113,0.0000,0.0000,0.0000,0.000,0.000,0.000,0,0
TRK,14951,0.03316,0.74082,0.32974,-0.58425,0.0000,0.0000,0.0000,0.000,0.000,0.000,0,0
TRK,14971,0.03071,0.77597,0.34418,-0.52771,0.0000,0.0000,0.0000,0.000,0.000,0.000,0,0
TRK,14991,0.03818,0.78014,0.34135,-0.52288,0.0000,0.0000,0.0000,0.000,0.000,0.000,0,0
TRK,15009,0.05583,0.76657,0.32487,-0.55110,0.0000,0.0000,0.0000,0.000,0.000,0.000,0,0
TRK,15031,0.08165,0.78117,0.31129,-0.53499,0.0000,0.0000,0.0000,0.000,0.000,0.000,0,0
TRK,15051,0.10833,0.80553,0.29815,-0.50049,0.0000,0.0000,0.0000,0.000,0.000,0.000,0,0
TRK,15071,0.06950,0.83106,0.32421,-0.44654,0.0000,0.0000,0.0000,0.000,0.000,0.000,0,0
TRK,15091,0.01138,0.85130,0.35654,-0.38476,0.0000,0.0000,0.0000,0.000,0.000,0.000,0,0
TRK,15111,-0.11769,0.85410,0.42662,-0.27323,0.0000,0.0000,0.0000,0.000,0.000,0.000,0,0
TRK,15131,-0.18777,0.84588,0.45204,-0.21187,0.0000,0.0000,0.0000,0.000,0.000,0.000,0,0
TRK,15151,-0.18151,0.85065,0.46436,-0.16678,0.0000,0.0000,0.0000,0.000,0.000,0.000,0,0
TRK,15171,-0.17373,0.85282,0.46494,-0.16232,0.0000,0.0000,0.0000,0.000,0.000,0.000,0,0
TRK,15191,-0.20200,0.84692,0.47301,-0.13487,0.0000,0.0000,0.0000,0.000,0.000,0.000,0,0
TRK,15211,-0.16567,0.85515,0.48175,-0.09584,0.0000,0.0000,0.0000,0.000,0.000,0.000,0,0
TRK,15231,-0.11850,0.86283,0.48784,-0.05910,0.0000,0.0000,0.0000,0.000,0.000,0.000,0,0
TRK,15251,-0.11427,0.86244,0.49287,-0.01486,0.0000,0.0000,0.0000,0.000,0.000,0.000,0,0
TRK,15272,-0.12713,0.85790,0.49688,0.03105,0.0000,0.0000,0.0000,0.000,0.000,0.000,0,0
TRK,15292,-0.09518,0.85634,0.50284,0.06912,0.0000,0.0000,0.0000,0.000,0.000,0.000,0,0
TRK,15312,-0.05578,0.84986,0.50843,0.12694,0.0000,0.0000,0.0000,0.000,0.000,0.000,0,0
TRK,15332,-0.02555,0.83663,0.50891,0.20103,0.0000,0.0000,0.0000,0.000,0.000,0.000,0,0
TRK,15352,-0.01153,0.82460,0.50659,0.25153,0.0000,0.0000,0.0000,0.000,0.000,0.000,0,0
TRK,15372,0.00002,0.81296,0.50361,0.29236,0.0000,0.0000,0.0000,0.000,0.000,0.000,0,0
TRK,15393,0.01499,0.79994,0.50092,0.33008,0.0000,0.0000,0.0000,0.000,0.000,0.000,0,0
TRK,15413,0.03407,0.78276,0.49731,0.37258,0.0000,0.0000,0.0000,0.000,0.000,0.000,0,0
TRK,15433,0.04270,0.76657,0.48915,0.41386,0.0000,0.0000,0.0000,0.000,0.000,0.000,0,0
TRK,15453,0.03067,0.75572,0.47342,0.45145,0.0000,0.0000,0.0000,0.000,0.000,0.000,0,0
TRK,15473,0.02370,0.74575,0.46216,0.47928,0.0000,0.0000,0.0000,0.000,0.000,0.000,0,0
TRK,15493,0.02313,0.74053,0.45823,0.49102,0.0000,0.0000,0.0000,0.000,0.000,0.000,0,0
TRK,15510,0.03473,0.73196,0.46030,0.50115,0.0000,0.0000,0.0000,0.000,0.000,0.000,0,0
TRK,15531,0.04574,0.72927,0.46627,0.49867,0.0000,0.0000,0.0000,0.000,0.000,0.000,0,0
TRK,15552,0.05432,0.73385,0.47618,0.48141,0.0000,0.0000,0.0000,0.000,0.000,0.000,0,0
TRK,15572,0.06246,0.73498,0.48293,0.47189,0.0000,0.0000,0.0000,0.000,0.000,0.000,0,0
TRK,15593,0.07738,0.73675,0.49520,0.45387,0.0000,0.0000,0.0000,0.000,0.000,0.000,0,0
TRK,15610,0.09029,0.73803,0.50577,0.43744,0.0000,0.0000,0.0000,0.000,0.000,0.000,0,0
TRK,15631,0.08915,0.74593,0.51347,0.41471,0.0000,0.0000,0.0000,0.000,0.000,0.000,0,0
TRK,15651,0.07258,0.75509,0.51209,0.40290,0.0000,0.0000,0.0000,0.000,0.000,0.000,0,0
TRK,15671,0.04894,0.76596,0.50800,0.39095,0.0000,0.0000,0.0000,0.000,0.000,0.000,0,0
TRK,15691,0.02532,0.77439,0.50210,0.38416,0.0000,0.0000,0.0000,0.000,0.000,0.000,0,0
TRK,15711,0.01358,0.77835,0.49891,0.38088,0.0000,0.0000,0.0000,0.000,0.000,0.000,0,0
TRK,15731,0.02318,0.77590,0.50202,0.38134,0.0000,0.0000,0.0000,0.000,0.000,0.000,0,0
TRK,15751,0.03052,0.77314,0.50376,0.38412,0.0000,0.0000,0.0000,0.000,0.000,0.000,0,0
TRK,15771,0.03207,0.77110,0.50300,0.38906,0.0000,0.0000,0.0000,0.000,0.000,0.000,0,0
TRK,15791,0.03362,0.76778,0.50127,0.39763,0.0000,0.0000,0.0000,0.000,0.000,0.000,0,0
STAT,0.0,0.0,0,5,0,0.0000,0.000,0.0000,0.0000,0.0000,9.8067,0.00,0.000
TRK,15812,0.03598,0.76466,0.50015,0.40479,0.0000,0.0000,0.0000,0.000,0.000,0.000,0,0
TRK,15832,0.03879,0.76284,0.50031,0.40775,0.0000,0.0000,0.0000,0.000,0.000,0.000,0,0
TRK,15853,0.04401,0.76097,0.50182,0.40886,0.0000,0.0000,0.0000,0.000,0.000,0.000,0,0
TRK,15869,0.05151,0.75761,0.50343,0.41223,0.0000,0.0000,0.0000,0.000,0.000,0.000,0,0
TRK,15890,0.06481,0.75041,0.50527,0.42117,0.0000,0.0000,0.0000,0.000,0.000,0.000,0,0
TRK,15910,0.07821,0.74279,0.50688,0.43038,0.0000,0.0000,0.0000,0.000,0.000,0.000,0,0
TRK,15930,0.08329,0.73851,0.50614,0.43759,0.0000,0.0000,0.0000,0.000,0.000,0.000,0,0
TRK,15950,0.08551,0.73594,0.50513,0.44263,0.0000,0.0000,0.0000,0.000,0.000,0.000,0,0
TRK,15970,0.08661,0.73502,0.50498,0.44413,0.0000,0.0000,0.0000,0.000,0.000,0.000,0,0
TRK,15990,0.08823,0.73413,0.50526,0.44495,0.0000,0.0000,0.0000,0.000,0.000,0.000,0,0
TRK,16010,0.09139,0.73283,0.50622,0.44538,0.0000,0.0000,0.0000,0.000,0.000,0.000,0,0
TRK,16030,0.09548,0.73086,0.50719,0.44663,0.0000,0.0000,0.0000,0.000,0.000,0.000,0,0
TRK,16050,0.09899,0.72986,0.50876,0.44573,0.0000,0.0000,0.0000,0.000,0.000,0.000,0,0
TRK,16070,0.10139,0.72957,0.51027,0.44393,0.0000,0.0000,0.0000,0.000,0.000,0.000,0,0
TRK,16090,0.10228,0.72998,0.51140,0.44174,0.0000,0.0000,0.0000,0.000,0.000,0.000,0,0
TRK,16110,0.10381,0.73025,0.51286,0.43925,0.0000,0.0000,0.0000,0.000,0.000,0.000,0,0
TRK,16130,0.10504,0.73041,0.51398,0.43737,0.0000,0.0000,0.0000,0.000,0.000,0.000,0,0
TRK,16150,0.10648,0.73036,0.51503,0.43588,0.0000,0.0000,0.0000,0.000,0.000,0.000,0,0
TRK,16170,0.10611,0.73030,0.51468,0.43648,0.0000,0.0000,0.0000,0.000,0.000,0.000,0,0
TRK,16190,0.10553,0.73013,0.51404,0.43765,0.0000,0.0000,0.0000,0.000,0.000,0.000,0,0
TRK,16210,0.10442,0.73050,0.51362,0.43778,0.0000,0.0000,0.0000,0.000,0.000,0.000,0,0
TRK,16230,0.10339,0.73100,0.51340,0.43746,0.0000,0.0000,0.0000,0.000,0.000,0.000,0,0
TRK,16250,0.10332,0.73112,0.51348,0.43718,0.0000,0.0000,0.0000,0.000,0.000,0.000,0,0
TRK,16270,0.10375,0.73107,0.51375,0.43684,0.0000,0.0000,0.0000,0.000,0.000,0.000,0,0
TRK,16290,0.10399,0.73118,0.51405,0.43625,0.0000,0.0000,0.0000,0.000,0.000,0.000,0,0
TRK,16310,0.10428,0.73129,0.51440,0.43558,0.0000,0.0000,0.0000,0.000,0.000,0.000,0,0
TRK,16330,0.10448,0.73137,0.51464,0.43510,0.0000,0.0000,0.0000,0.000,0.000,0.000,0,0
TRK,16350,0.10429,0.73154,0.51469,0.43483,0.0000,0.0000,0.0000,0.000,0.000,0.000,0,0
TRK,16370,0.10352,0.73175,0.51434,0.43507,0.0000,0.0000,0.0000,0.000,0.000,0.000,0,0
TRK,16390,0.10336,0.73178,0.51426,0.43514,0.0000,0.0000,0.0000,0.000,0.000,0.000,0,0
TRK,16410,0.10350,0.73194,0.51455,0.43450,0.0000,0.0000,0.0000,0.000,0.000,0.000,0,0
TRK,16430,0.10435,0.73207,0.51533,0.43315,0.0000,0.0000,0.0000,0.000,0.000,0.000,0,0
TRK,16451,0.10444,0.73247,0.51586,0.43183,0.0000,0.0000,0.0000,0.000,0.000,0.000,0,0
TRK,16471,0.10348,0.73320,0.51597,0.43068,0.0000,0.0000,0.0000,0.000,0.000,0.000,0,0
TRK,16491,0.10268,0.73378,0.51603,0.42981,0.0000,0.0000,0.0000,0.000,0.000,0.000,0,0
TRK,16511,0.10286,0.73400,0.51641,0.42894,0.0000,0.0000,0.0000,0.000,0.000,0.000,0,0
TRK,16531,0.10372,0.73383,0.51686,0.42847,0.0000,0.0000,0.0000,0.000,0.000,0.000,0,0
TRK,16551,0.10431,0.73362,0.51706,0.42845,0.0000,0.0000,0.0000,0.000,0.000,0.000,0,0
TRK,16571,0.10481,0.73344,0.51722,0.42846,0.0000,0.0000,0.0000,0.000,0.000,0.000,0,0
TRK,16591,0.10529,0.73329,0.51741,0.42835,0.0000,0.0000,0.0000,0.000,0.000,0.000,0,0
TRK,16611,0.10653,0.73303,0.51805,0.42771,0.0000,0.0000,0.0000,0.000,0.000,0.000,0,0
TRK,16631,0.10744,0.73265,0.51829,0.42784,0.0000,0.0000,0.0000,0.000,0.000,0.000,0,0
TRK,16651,0.10749,0.73270,0.51838,0.42764,0.0000,0.0000,0.0000,0.000,0.000,0.000,0,0
TRK,16671,0.10707,0.73285,0.51824,0.42767,0.0000,0.0000,0.0000,0.000,0.000,0.000,0,0
TRK,16691,0.10661,0.73310,0.51819,0.42740,0.0000,0.0000,0.0000,0.000,0.000,0.000,0,0
TRK,16711,0.10602,0.73321,0.51788,0.42774,0.0000,0.0000,0.0000,0.000,0.000,0.000,0,0
TRK,16731,0.10606,0.73293,0.51758,0.42858,0.0000,0.0000,0.0000,0.000,0.000,0.000,0,0
TRK,16751,0.10799,0.73203,0.51799,0.42914,0.0000,0.0000,0.0000,0.000,0.000,0.000,0,0
TRK,16771,0.10777,0.73173,0.51747,0.43032,0.0000,0.0000,0.0000,0.000,0.000,0.000,0,0
TRK,16791,0.11060,0.73061,0.51832,0.43048,0.0000,0.0000,0.0000,0.000,0.000,0.000,0,0
STAT,0.0,0.0,0,5,0,0.0000,0.000,0.0000,0.0000,0.0000,9.8067,0.00,0.000
TRK,16811,0.12127,0.72186,0.51628,0.44461,0.0000,0.0000,0.0000,0.000,0.000,0.000,0,0
TRK,16831,0.15521,0.72055,0.54349,0.40167,0.0000,0.0000,0.0000,0.000,0.000,0.000,0,0
TRK,16852,0.21387,0.71588,0.59833,0.28944,0.0000,0.0000,0.0000,0.000,0.000,0.000,0,0
TRK,16872,0.24017,0.70986,0.64127,0.16488,0.0000,0.0000,0.0000,0.000,0.000,0.000,0,0
TRK,16892,0.23230,0.70342,0.66884,0.06236,0.0000,0.0000,0.0000,0.000,0.000,0.000,0,0
TRK,16912,0.20609,0.70120,0.68245,0.01028,0.0000,0.0000,0.0000,0.000,0.000,0.000,0,0
TRK,16932,0.12333,0.70898,0.69431,-0.00901,0.0000,0.0000,0.0000,0.000,0.000,0.000,0,0
TRK,16952,0.04219,0.71299,0.69982,-0.01103,0.0000,0.0000,0.0000,0.000,0.000,0.000,0,0
TRK,16972,-0.04784,0.71162,0.70068,-0.01884,0.0000,0.0000,0.0000,0.000,0.000,0.000,0,0
TRK,16992,-0.14250,0.70333,0.69638,-0.00863,0.0000,0.0000,0.0000,0.000,0.000,0.000,0,0
